Component: ARM Compiler 5.05 update 1 (build 106) Tool: armlink [4d0efa]

==============================================================================

Section Cross References

    startup_stm32f30x.o(RESET) refers to startup_stm32f30x.o(STACK) for __initial_sp
    startup_stm32f30x.o(RESET) refers to startup_stm32f30x.o(.text) for Reset_Handler
    startup_stm32f30x.o(RESET) refers to stm32f30x_it.o(i.NMI_Handler) for NMI_Handler
    startup_stm32f30x.o(RESET) refers to stm32f30x_it.o(i.HardFault_Handler) for HardFault_Handler
    startup_stm32f30x.o(RESET) refers to stm32f30x_it.o(i.MemManage_Handler) for MemManage_Handler
    startup_stm32f30x.o(RESET) refers to stm32f30x_it.o(i.BusFault_Handler) for BusFault_Handler
    startup_stm32f30x.o(RESET) refers to stm32f30x_it.o(i.UsageFault_Handler) for UsageFault_Handler
    startup_stm32f30x.o(RESET) refers to stm32f30x_it.o(i.SVC_Handler) for SVC_Handler
    startup_stm32f30x.o(RESET) refers to stm32f30x_it.o(i.DebugMon_Handler) for DebugMon_Handler
    startup_stm32f30x.o(RESET) refers to stm32f30x_it.o(i.PendSV_Handler) for PendSV_Handler
    startup_stm32f30x.o(RESET) refers to stm32f30x_it.o(i.SysTick_Handler) for SysTick_Handler
    startup_stm32f30x.o(RESET) refers to stm32f30x_it.o(i.EXTI0_IRQHandler) for EXTI0_IRQHandler
    startup_stm32f30x.o(.text) refers to system_stm32f30x.o(i.SystemInit) for SystemInit
    startup_stm32f30x.o(.text) refers to entry.o(.ARM.Collect$$$$00000000) for __main
    stm32f3_discovery.o(i.STM_EVAL_LEDInit) refers to stm32f30x_rcc.o(i.RCC_AHBPeriphClockCmd) for RCC_AHBPeriphClockCmd
    stm32f3_discovery.o(i.STM_EVAL_LEDInit) refers to stm32f30x_gpio.o(i.GPIO_Init) for GPIO_Init
    stm32f3_discovery.o(i.STM_EVAL_LEDInit) refers to stm32f3_discovery.o(.constdata) for .constdata
    stm32f3_discovery.o(i.STM_EVAL_LEDInit) refers to stm32f3_discovery.o(.data) for .data
    stm32f3_discovery.o(i.STM_EVAL_LEDOff) refers to stm32f3_discovery.o(.constdata) for .constdata
    stm32f3_discovery.o(i.STM_EVAL_LEDOff) refers to stm32f3_discovery.o(.data) for .data
    stm32f3_discovery.o(i.STM_EVAL_LEDOn) refers to stm32f3_discovery.o(.constdata) for .constdata
    stm32f3_discovery.o(i.STM_EVAL_LEDOn) refers to stm32f3_discovery.o(.data) for .data
    stm32f3_discovery.o(i.STM_EVAL_LEDToggle) refers to stm32f3_discovery.o(.data) for .data
    stm32f3_discovery.o(i.STM_EVAL_LEDToggle) refers to stm32f3_discovery.o(.constdata) for .constdata
    stm32f3_discovery.o(i.STM_EVAL_PBGetState) refers to stm32f30x_gpio.o(i.GPIO_ReadInputDataBit) for GPIO_ReadInputDataBit
    stm32f3_discovery.o(i.STM_EVAL_PBGetState) refers to stm32f3_discovery.o(.constdata) for .constdata
    stm32f3_discovery.o(i.STM_EVAL_PBGetState) refers to stm32f3_discovery.o(.data) for .data
    stm32f3_discovery.o(i.STM_EVAL_PBInit) refers to stm32f30x_rcc.o(i.RCC_AHBPeriphClockCmd) for RCC_AHBPeriphClockCmd
    stm32f3_discovery.o(i.STM_EVAL_PBInit) refers to stm32f30x_rcc.o(i.RCC_APB2PeriphClockCmd) for RCC_APB2PeriphClockCmd
    stm32f3_discovery.o(i.STM_EVAL_PBInit) refers to stm32f30x_gpio.o(i.GPIO_Init) for GPIO_Init
    stm32f3_discovery.o(i.STM_EVAL_PBInit) refers to stm32f30x_syscfg.o(i.SYSCFG_EXTILineConfig) for SYSCFG_EXTILineConfig
    stm32f3_discovery.o(i.STM_EVAL_PBInit) refers to stm32f30x_exti.o(i.EXTI_Init) for EXTI_Init
    stm32f3_discovery.o(i.STM_EVAL_PBInit) refers to stm32f30x_misc.o(i.NVIC_Init) for NVIC_Init
    stm32f3_discovery.o(i.STM_EVAL_PBInit) refers to stm32f3_discovery.o(.constdata) for .constdata
    stm32f3_discovery.o(i.STM_EVAL_PBInit) refers to stm32f3_discovery.o(.data) for .data
    stm32f3_discovery_l3gd20.o(i.L3GD20_FilterCmd) refers to stm32f3_discovery_l3gd20.o(i.L3GD20_Read) for L3GD20_Read
    stm32f3_discovery_l3gd20.o(i.L3GD20_FilterCmd) refers to stm32f3_discovery_l3gd20.o(i.L3GD20_Write) for L3GD20_Write
    stm32f3_discovery_l3gd20.o(i.L3GD20_FilterConfig) refers to stm32f3_discovery_l3gd20.o(i.L3GD20_Read) for L3GD20_Read
    stm32f3_discovery_l3gd20.o(i.L3GD20_FilterConfig) refers to stm32f3_discovery_l3gd20.o(i.L3GD20_Write) for L3GD20_Write
    stm32f3_discovery_l3gd20.o(i.L3GD20_GetDataStatus) refers to stm32f3_discovery_l3gd20.o(i.L3GD20_Read) for L3GD20_Read
    stm32f3_discovery_l3gd20.o(i.L3GD20_INT1InterruptCmd) refers to stm32f3_discovery_l3gd20.o(i.L3GD20_Read) for L3GD20_Read
    stm32f3_discovery_l3gd20.o(i.L3GD20_INT1InterruptCmd) refers to stm32f3_discovery_l3gd20.o(i.L3GD20_Write) for L3GD20_Write
    stm32f3_discovery_l3gd20.o(i.L3GD20_INT1InterruptConfig) refers to stm32f3_discovery_l3gd20.o(i.L3GD20_Read) for L3GD20_Read
    stm32f3_discovery_l3gd20.o(i.L3GD20_INT1InterruptConfig) refers to stm32f3_discovery_l3gd20.o(i.L3GD20_Write) for L3GD20_Write
    stm32f3_discovery_l3gd20.o(i.L3GD20_INT2InterruptCmd) refers to stm32f3_discovery_l3gd20.o(i.L3GD20_Read) for L3GD20_Read
[...]
    Removing usb_regs.o(i.SetEPDblBuf1Count), (92 bytes).
    Removing usb_regs.o(i.SetEPDblBuffAddr), (52 bytes).
    Removing usb_regs.o(i.SetEPDblBuffCount), (164 bytes).
    Removing usb_regs.o(i.SetEPDoubleBuff), (32 bytes).
    Removing usb_regs.o(i.SetEPRxAddr), (32 bytes).
    Removing usb_regs.o(i.SetEPRxCount), (64 bytes).
    Removing usb_regs.o(i.SetEPRxStatus), (48 bytes).
    Removing usb_regs.o(i.SetEPRxValid), (36 bytes).
    Removing usb_regs.o(i.SetEPTxAddr), (32 bytes).
    Removing usb_regs.o(i.SetEPTxCount), (28 bytes).
    Removing usb_regs.o(i.SetEPTxStatus), (48 bytes).
    Removing usb_regs.o(i.SetEPTxValid), (36 bytes).
    Removing usb_regs.o(i.SetEPType), (28 bytes).
    Removing usb_regs.o(i.SetEP_KIND), (32 bytes).
    Removing usb_regs.o(i.SetISTR), (12 bytes).
    Removing usb_regs.o(i.Set_Status_Out), (32 bytes).
    Removing usb_regs.o(i.ToWord), (6 bytes).
    Removing usb_regs.o(i.ToggleDTOG_RX), (32 bytes).
    Removing usb_regs.o(i.ToggleDTOG_TX), (32 bytes).
    Removing usb_sil.o(.rev16_text), (4 bytes).
    Removing usb_sil.o(.revsh_text), (4 bytes).
    Removing usb_sil.o(i.USB_SIL_Init), (32 bytes).
    Removing usb_sil.o(i.USB_SIL_Read), (36 bytes).
    Removing usb_sil.o(i.USB_SIL_Write), (38 bytes).
    Removing hw_config.o(.rev16_text), (4 bytes).
    Removing hw_config.o(.revsh_text), (4 bytes).
    Removing hw_config.o(i.Enter_LowPowerMode), (16 bytes).
    Removing hw_config.o(i.GPIO_AINConfig), (72 bytes).
    Removing hw_config.o(i.Get_SerialNum), (52 bytes).
    Removing hw_config.o(i.IntToUnicode), (56 bytes).
    Removing hw_config.o(i.JoyState), (4 bytes).
    Removing hw_config.o(i.Joystick_Send), (44 bytes).
    Removing hw_config.o(i.Leave_LowPowerMode), (88 bytes).
    Removing hw_config.o(i.USB_Cable_Config), (24 bytes).
    Removing func_utils.o(.rev16_text), (4 bytes).
    Removing func_utils.o(.revsh_text), (4 bytes).
    Removing func_utils.o(i._sys_exit), (2 bytes).
    Removing func_utils.o(i.fputc), (24 bytes).
    Removing func_utils.o(.data), (1 bytes).
    Removing func_utils.o(.data), (4 bytes).
    Removing math_clac.o(.rev16_text), (4 bytes).
    Removing math_clac.o(.revsh_text), (4 bytes).
    Removing math_clac.o(i.Data_prepare), (2 bytes).
    Removing math_clac.o(i.Kalman_Filter), (2 bytes).
    Removing math_clac.o(i.PID_Ctrl), (756 bytes).
    Removing math_clac.o(i.Trans_to_euler), (1120 bytes).
    Removing math_clac.o(.bss), (16 bytes).
    Removing math_clac.o(.bss), (36 bytes).
    Removing math_clac.o(.data), (92 bytes).
    Removing custom_function.o(.rev16_text), (4 bytes).
    Removing custom_function.o(.revsh_text), (4 bytes).
    Removing custom_function.o(i.Error_Handler), (8 bytes).
    Removing custom_function.o(i.LEDs_Toggle), (54 bytes).
    Removing custom_function.o(.constdata), (16 bytes).
    Removing custom_function.o(.data), (4 bytes).
    Removing custom_function.o(.data), (4 bytes).
    Removing custom_function.o(.data), (4 bytes).
    Removing main.o(.rev16_text), (4 bytes).
    Removing main.o(.revsh_text), (4 bytes).
    Removing pwm_set.o(.rev16_text), (4 bytes).
    Removing pwm_set.o(.revsh_text), (4 bytes).
    Removing pwm_set.o(i.PWM_Init), (152 bytes).
    Removing pwm_set.o(i.PWM_Set), (80 bytes).
    Removing hc05_set.o(.rev16_text), (4 bytes).
    Removing hc05_set.o(.revsh_text), (4 bytes).
    Removing hc05_set.o(i.BT_Usart2_Config), (252 bytes).
    Removing hc05_set.o(i.HC05_Get_Role), (148 bytes).
    Removing hc05_set.o(i.HC05_Init), (156 bytes).
    Removing hc05_set.o(i.HC05_debug), (112 bytes).
    Removing dneg.o(.text), (6 bytes).
    Removing cdcmple.o(.text), (48 bytes).

818 unused section(s) (total 78017 bytes) removed from the image.

==============================================================================

Image Symbol Table

    Local Symbols

    Symbol Name                              Value     Ov Type        Size  Object(Section)

    ../clib/microlib/division.c              0x00000000   Number         0  uldiv.o ABSOLUTE
    ../clib/microlib/division.c              0x00000000   Number         0  uidiv.o ABSOLUTE
    ../clib/microlib/errno.c                 0x00000000   Number         0  errno.o ABSOLUTE
    ../clib/microlib/init/entry.s            0x00000000   Number         0  entry7b.o ABSOLUTE
    ../clib/microlib/init/entry.s            0x00000000   Number         0  entry8a.o ABSOLUTE
    ../clib/microlib/init/entry.s            0x00000000   Number         0  entry9a.o ABSOLUTE
    ../clib/microlib/init/entry.s            0x00000000   Number         0  entry8b.o ABSOLUTE
    ../clib/microlib/init/entry.s            0x00000000   Number         0  entry11b.o ABSOLUTE
    ../clib/microlib/init/entry.s            0x00000000   Number         0  entry9b.o ABSOLUTE
    ../clib/microlib/init/entry.s            0x00000000   Number         0  entry7a.o ABSOLUTE
    ../clib/microlib/init/entry.s            0x00000000   Number         0  entry5.o ABSOLUTE
    ../clib/microlib/init/entry.s            0x00000000   Number         0  entry11a.o ABSOLUTE
    ../clib/microlib/init/entry.s            0x00000000   Number         0  entry10b.o ABSOLUTE
    ../clib/microlib/init/entry.s            0x00000000   Number         0  entry.o ABSOLUTE
    ../clib/microlib/init/entry.s            0x00000000   Number         0  entry2.o ABSOLUTE
    ../clib/microlib/init/entry.s            0x00000000   Number         0  entry10a.o ABSOLUTE
    ../clib/microlib/longlong.c              0x00000000   Number         0  llsshr.o ABSOLUTE
    ../clib/microlib/longlong.c              0x00000000   Number         0  llshl.o ABSOLUTE
    ../clib/microlib/longlong.c              0x00000000   Number         0  llushr.o ABSOLUTE
    ../clib/microlib/printf/printf.c         0x00000000   Number         0  printf1.o ABSOLUTE
    ../clib/microlib/printf/printf.c         0x00000000   Number         0  printf5.o ABSOLUTE
    ../clib/microlib/printf/printf.c         0x00000000   Number         0  printf4.o ABSOLUTE
    ../clib/microlib/printf/printf.c         0x00000000   Number         0  printf3.o ABSOLUTE
    ../clib/microlib/printf/printf.c         0x00000000   Number         0  printf2.o ABSOLUTE
    ../clib/microlib/printf/printf.c         0x00000000   Number         0  printf0.o ABSOLUTE
    ../clib/microlib/printf/printf.c         0x00000000   Number         0  printfb.o ABSOLUTE
    ../clib/microlib/printf/printf.c         0x00000000   Number         0  printf8.o ABSOLUTE
    ../clib/microlib/printf/printf.c         0x00000000   Number         0  printf7.o ABSOLUTE
    ../clib/microlib/printf/printf.c         0x00000000   Number         0  printf6.o ABSOLUTE
    ../clib/microlib/printf/printf.c         0x00000000   Number         0  printfa.o ABSOLUTE
    ../clib/microlib/printf/stubs.s          0x00000000   Number         0  stubs.o ABSOLUTE
    ../clib/microlib/string/strlen.c         0x00000000   Number         0  strlen.o ABSOLUTE
    ../clib/microlib/stubs.s                 0x00000000   Number         0  useno.o ABSOLUTE
    ../clib/microlib/stubs.s                 0x00000000   Number         0  iusefp.o ABSOLUTE
    ../fplib/microlib/d2f.c                  0x00000000   Number         0  d2f.o ABSOLUTE
    ../fplib/microlib/f2d.c                  0x00000000   Number         0  f2d.o ABSOLUTE
    ../fplib/microlib/fpadd.c                0x00000000   Number         0  dadd.o ABSOLUTE
    ../fplib/microlib/fpdiv.c                0x00000000   Number         0  ddiv.o ABSOLUTE
    ../fplib/microlib/fpepilogue.c           0x00000000   Number         0  fepilogue.o ABSOLUTE
    ../fplib/microlib/fpepilogue.c           0x00000000   Number         0  depilogue.o ABSOLUTE
    ../fplib/microlib/fpfix.c                0x00000000   Number         0  dfixul.o ABSOLUTE
    ../fplib/microlib/fpmul.c                0x00000000   Number         0  dmul.o ABSOLUTE
    ../fplib/microlib/fpneg.c                0x00000000   Number         0  dneg.o ABSOLUTE
    ../fplib/microlib/fpsqrt.c               0x00000000   Number         0  dsqrt.o ABSOLUTE
    ../mathlib/acos.c                        0x00000000   Number         0  acos.o ABSOLUTE
    ../mathlib/acos.c                        0x00000000   Number         0  acos_x.o ABSOLUTE
    ../mathlib/asin.c                        0x00000000   Number         0  asin_x.o ABSOLUTE
    ../mathlib/asin.c                        0x00000000   Number         0  asin.o ABSOLUTE
    ../mathlib/atan.c                        0x00000000   Number         0  atan.o ABSOLUTE
    ../mathlib/atan.c                        0x00000000   Number         0  atan_x.o ABSOLUTE
    ../mathlib/atan2.c                       0x00000000   Number         0  atan2_x.o ABSOLUTE
    ../mathlib/atan2.c                       0x00000000   Number         0  atan2.o ABSOLUTE
    ../mathlib/atan2f.c                      0x00000000   Number         0  atan2f.o ABSOLUTE
    ../mathlib/atan2f.c                      0x00000000   Number         0  atan2f_x.o ABSOLUTE
    ../mathlib/dunder.c                      0x00000000   Number         0  dunder.o ABSOLUTE
    ../mathlib/fabs.c                        0x00000000   Number         0  fabs.o ABSOLUTE
    ../mathlib/fpclassify.c                  0x00000000   Number         0  fpclassify.o ABSOLUTE
    ../mathlib/fpclassifyf.c                 0x00000000   Number         0  fpclassifyf.o ABSOLUTE
    ../mathlib/funder.c                      0x00000000   Number         0  funder.o ABSOLUTE
    ../mathlib/poly.c                        0x00000000   Number         0  poly.o ABSOLUTE
    ../mathlib/qnan.c                        0x00000000   Number         0  qnan.o ABSOLUTE
    ../mathlib/sqrt.c                        0x00000000   Number         0  sqrt_x.o ABSOLUTE
    ../mathlib/sqrt.c                        0x00000000   Number         0  sqrt.o ABSOLUTE
    ..\CMSIS\startup_stm32f30x.s             0x00000000   Number         0  startup_stm32f30x.o ABSOLUTE
    ..\Discovery\stm32f3_discovery.c         0x00000000   Number         0  stm32f3_discovery.o ABSOLUTE
    ..\Discovery\stm32f3_discovery_l3gd20.c  0x00000000   Number         0  stm32f3_discovery_l3gd20.o ABSOLUTE
    ..\Discovery\stm32f3_discovery_lsm303dlhc.c 0x00000000   Number         0  stm32f3_discovery_lsm303dlhc.o ABSOLUTE
    ..\Drivers\src\stm32f30x_adc.c           0x00000000   Number         0  stm32f30x_adc.o ABSOLUTE
    ..\Drivers\src\stm32f30x_can.c           0x00000000   Number         0  stm32f30x_can.o ABSOLUTE
    ..\Drivers\src\stm32f30x_comp.c          0x00000000   Number         0  stm32f30x_comp.o ABSOLUTE
    ..\Drivers\src\stm32f30x_crc.c           0x00000000   Number         0  stm32f30x_crc.o ABSOLUTE
    ..\Drivers\src\stm32f30x_dac.c           0x00000000   Number         0  stm32f30x_dac.o ABSOLUTE
    ..\Drivers\src\stm32f30x_dbgmcu.c        0x00000000   Number         0  stm32f30x_dbgmcu.o ABSOLUTE
    ..\Drivers\src\stm32f30x_dma.c           0x00000000   Number         0  stm32f30x_dma.o ABSOLUTE
    ..\Drivers\src\stm32f30x_exti.c          0x00000000   Number         0  stm32f30x_exti.o ABSOLUTE
    ..\Drivers\src\stm32f30x_flash.c         0x00000000   Number         0  stm32f30x_flash.o ABSOLUTE
    ..\Drivers\src\stm32f30x_gpio.c          0x00000000   Number         0  stm32f30x_gpio.o ABSOLUTE
    ..\Drivers\src\stm32f30x_i2c.c           0x00000000   Number         0  stm32f30x_i2c.o ABSOLUTE
    ..\Drivers\src\stm32f30x_iwdg.c          0x00000000   Number         0  stm32f30x_iwdg.o ABSOLUTE
    ..\Drivers\src\stm32f30x_misc.c          0x00000000   Number         0  stm32f30x_misc.o ABSOLUTE
    ..\Drivers\src\stm32f30x_opamp.c         0x00000000   Number         0  stm32f30x_opamp.o ABSOLUTE
    ..\Drivers\src\stm32f30x_pwr.c           0x00000000   Number         0  stm32f30x_pwr.o ABSOLUTE
    ..\Drivers\src\stm32f30x_rcc.c           0x00000000   Number         0  stm32f30x_rcc.o ABSOLUTE
    ..\Drivers\src\stm32f30x_rtc.c           0x00000000   Number         0  stm32f30x_rtc.o ABSOLUTE
    ..\Drivers\src\stm32f30x_spi.c           0x00000000   Number         0  stm32f30x_spi.o ABSOLUTE
    ..\Drivers\src\stm32f30x_syscfg.c        0x00000000   Number         0  stm32f30x_syscfg.o ABSOLUTE
    ..\Drivers\src\stm32f30x_tim.c           0x00000000   Number         0  stm32f30x_tim.o ABSOLUTE
    ..\Drivers\src\stm32f30x_usart.c         0x00000000   Number         0  stm32f30x_usart.o ABSOLUTE
    ..\Drivers\src\stm32f30x_wwdg.c          0x00000000   Number         0  stm32f30x_wwdg.o ABSOLUTE
    ..\System\stm32f30x_it.c                 0x00000000   Number         0  stm32f30x_it.o ABSOLUTE
    ..\System\system_stm32f30x.c             0x00000000   Number         0  system_stm32f30x.o ABSOLUTE
    ..\USB\usb_core.c                        0x00000000   Number         0  usb_core.o ABSOLUTE
    ..\USB\usb_desc.c                        0x00000000   Number         0  usb_desc.o ABSOLUTE
    ..\USB\usb_endp.c                        0x00000000   Number         0  usb_endp.o ABSOLUTE
    ..\USB\usb_init.c                        0x00000000   Number         0  usb_init.o ABSOLUTE
    ..\USB\usb_int.c                         0x00000000   Number         0  usb_int.o ABSOLUTE
    ..\USB\usb_istr.c                        0x00000000   Number         0  usb_istr.o ABSOLUTE
    ..\USB\usb_mem.c                         0x00000000   Number         0  usb_mem.o ABSOLUTE
    ..\USB\usb_prop.c                        0x00000000   Number         0  usb_prop.o ABSOLUTE
    ..\USB\usb_pwr.c                         0x00000000   Number         0  usb_pwr.o ABSOLUTE
    ..\USB\usb_regs.c                        0x00000000   Number         0  usb_regs.o ABSOLUTE
    ..\USB\usb_sil.c                         0x00000000   Number         0  usb_sil.o ABSOLUTE
    ..\\Discovery\\stm32f3_discovery.c       0x00000000   Number         0  stm32f3_discovery.o ABSOLUTE
    ..\\Discovery\\stm32f3_discovery_l3gd20.c 0x00000000   Number         0  stm32f3_discovery_l3gd20.o ABSOLUTE
    ..\\Discovery\\stm32f3_discovery_lsm303dlhc.c 0x00000000   Number         0  stm32f3_discovery_lsm303dlhc.o ABSOLUTE
    ..\\Drivers\\src\\stm32f30x_adc.c        0x00000000   Number         0  stm32f30x_adc.o ABSOLUTE
    ..\\Drivers\\src\\stm32f30x_can.c        0x00000000   Number         0  stm32f30x_can.o ABSOLUTE
    ..\\Drivers\\src\\stm32f30x_comp.c       0x00000000   Number         0  stm32f30x_comp.o ABSOLUTE
    ..\\Drivers\\src\\stm32f30x_crc.c        0x00000000   Number         0  stm32f30x_crc.o ABSOLUTE
    ..\\Drivers\\src\\stm32f30x_dac.c        0x00000000   Number         0  stm32f30x_dac.o ABSOLUTE
    ..\\Drivers\\src\\stm32f30x_dbgmcu.c     0x00000000   Number         0  stm32f30x_dbgmcu.o ABSOLUTE
    ..\\Drivers\\src\\stm32f30x_dma.c        0x00000000   Number         0  stm32f30x_dma.o ABSOLUTE
    ..\\Drivers\\src\\stm32f30x_exti.c       0x00000000   Number         0  stm32f30x_exti.o ABSOLUTE
    ..\\Drivers\\src\\stm32f30x_flash.c      0x00000000   Number         0  stm32f30x_flash.o ABSOLUTE
    ..\\Drivers\\src\\stm32f30x_gpio.c       0x00000000   Number         0  stm32f30x_gpio.o ABSOLUTE
    ..\\Drivers\\src\\stm32f30x_i2c.c        0x00000000   Number         0  stm32f30x_i2c.o ABSOLUTE
    ..\\Drivers\\src\\stm32f30x_iwdg.c       0x00000000   Number         0  stm32f30x_iwdg.o ABSOLUTE
    ..\\Drivers\\src\\stm32f30x_misc.c       0x00000000   Number         0  stm32f30x_misc.o ABSOLUTE
    ..\\Drivers\\src\\stm32f30x_opamp.c      0x00000000   Number         0  stm32f30x_opamp.o ABSOLUTE
    ..\\Drivers\\src\\stm32f30x_pwr.c        0x00000000   Number         0  stm32f30x_pwr.o ABSOLUTE
    ..\\Drivers\\src\\stm32f30x_rcc.c        0x00000000   Number         0  stm32f30x_rcc.o ABSOLUTE
    ..\\Drivers\\src\\stm32f30x_rtc.c        0x00000000   Number         0  stm32f30x_rtc.o ABSOLUTE
    ..\\Drivers\\src\\stm32f30x_spi.c        0x00000000   Number         0  stm32f30x_spi.o ABSOLUTE
    ..\\Drivers\\src\\stm32f30x_syscfg.c     0x00000000   Number         0  stm32f30x_syscfg.o ABSOLUTE
    ..\\Drivers\\src\\stm32f30x_tim.c        0x00000000   Number         0  stm32f30x_tim.o ABSOLUTE
    ..\\Drivers\\src\\stm32f30x_usart.c      0x00000000   Number         0  stm32f30x_usart.o ABSOLUTE
    ..\\Drivers\\src\\stm32f30x_wwdg.c       0x00000000   Number         0  stm32f30x_wwdg.o ABSOLUTE
    ..\\System\\stm32f30x_it.c               0x00000000   Number         0  stm32f30x_it.o ABSOLUTE
    ..\\System\\system_stm32f30x.c           0x00000000   Number         0  system_stm32f30x.o ABSOLUTE
    ..\\USB\\usb_core.c                      0x00000000   Number         0  usb_core.o ABSOLUTE
    ..\\USB\\usb_desc.c                      0x00000000   Number         0  usb_desc.o ABSOLUTE
    ..\\USB\\usb_endp.c                      0x00000000   Number         0  usb_endp.o ABSOLUTE
    ..\\USB\\usb_init.c                      0x00000000   Number         0  usb_init.o ABSOLUTE
    ..\\USB\\usb_int.c                       0x00000000   Number         0  usb_int.o ABSOLUTE
    ..\\USB\\usb_istr.c                      0x00000000   Number         0  usb_istr.o ABSOLUTE
    ..\\USB\\usb_mem.c                       0x00000000   Number         0  usb_mem.o ABSOLUTE
    ..\\USB\\usb_prop.c                      0x00000000   Number         0  usb_prop.o ABSOLUTE
    ..\\USB\\usb_pwr.c                       0x00000000   Number         0  usb_pwr.o ABSOLUTE
    ..\\USB\\usb_regs.c                      0x00000000   Number         0  usb_regs.o ABSOLUTE
    ..\\USB\\usb_sil.c                       0x00000000   Number         0  usb_sil.o ABSOLUTE
    ..\\user\\HC05_set.c                     0x00000000   Number         0  hc05_set.o ABSOLUTE
    ..\\user\\PWM_set.c                      0x00000000   Number         0  pwm_set.o ABSOLUTE
    ..\\user\\custom_function.c              0x00000000   Number         0  custom_function.o ABSOLUTE
    ..\\user\\func_utils.c                   0x00000000   Number         0  func_utils.o ABSOLUTE
    ..\\user\\hw_config.c                    0x00000000   Number         0  hw_config.o ABSOLUTE
    ..\\user\\main.c                         0x00000000   Number         0  main.o ABSOLUTE
    ..\\user\\math_clac.c                    0x00000000   Number         0  math_clac.o ABSOLUTE
    ..\user\ESP8266_set.c                    0x00000000   Number         0  esp8266_set.o ABSOLUTE
    ..\user\HC05_set.c                       0x00000000   Number         0  hc05_set.o ABSOLUTE
    ..\user\PWM_set.c                        0x00000000   Number         0  pwm_set.o ABSOLUTE
    ..\user\custom_function.c                0x00000000   Number         0  custom_function.o ABSOLUTE
    ..\user\func_utils.c                     0x00000000   Number         0  func_utils.o ABSOLUTE
    ..\user\hw_config.c                      0x00000000   Number         0  hw_config.o ABSOLUTE
    ..\user\main.c                           0x00000000   Number         0  main.o ABSOLUTE
    ..\user\math_clac.c                      0x00000000   Number         0  math_clac.o ABSOLUTE
    cdcmple.s                                0x00000000   Number         0  cdcmple.o ABSOLUTE
    cdrcmple.s                               0x00000000   Number         0  cdrcmple.o ABSOLUTE
    dc.s                                     0x00000000   Number         0  dc.o ABSOLUTE
    handlers.s                               0x00000000   Number         0  handlers.o ABSOLUTE
    init.s                                   0x00000000   Number         0  init.o ABSOLUTE
    RESET                                    0x08000000   Section      392  startup_stm32f30x.o(RESET)
    .ARM.Collect$$$$00000000                 0x08000188   Section        0  entry.o(.ARM.Collect$$$$00000000)
    .ARM.Collect$$$$00000001                 0x08000188   Section        4  entry2.o(.ARM.Collect$$$$00000001)
    .ARM.Collect$$$$00000004                 0x0800018c   Section        4  entry5.o(.ARM.Collect$$$$00000004)
    .ARM.Collect$$$$00000008                 0x08000190   Section        0  entry7b.o(.ARM.Collect$$$$00000008)
    .ARM.Collect$$$$0000000A                 0x08000190   Section        0  entry8b.o(.ARM.Collect$$$$0000000A)
    .ARM.Collect$$$$0000000B                 0x08000190   Section        8  entry9a.o(.ARM.Collect$$$$0000000B)
    .ARM.Collect$$$$0000000D                 0x08000198   Section        0  entry10a.o(.ARM.Collect$$$$0000000D)
    .ARM.Collect$$$$0000000F                 0x08000198   Section        0  entry11a.o(.ARM.Collect$$$$0000000F)
    .ARM.Collect$$$$00002712                 0x08000198   Section        4  entry2.o(.ARM.Collect$$$$00002712)
    __lit__00000000                          0x08000198   Data           4  entry2.o(.ARM.Collect$$$$00002712)
    .text                                    0x0800019c   Section       36  startup_stm32f30x.o(.text)
    $v0                                      0x0800019c   Number         0  startup_stm32f30x.o(.text)
    .text                                    0x080001c0   Section        0  strlen.o(.text)
    .text                                    0x080001ce   Section        0  dadd.o(.text)
    .text                                    0x0800031c   Section        0  dmul.o(.text)
    .text                                    0x08000400   Section        0  ddiv.o(.text)
    .text                                    0x080004de   Section        0  f2d.o(.text)
    .text                                    0x08000504   Section        0  d2f.o(.text)
    .text                                    0x0800053c   Section        0  uidiv.o(.text)
    .text                                    0x08000568   Section        0  uldiv.o(.text)
    .text                                    0x080005ca   Section        0  llshl.o(.text)
    .text                                    0x080005e8   Section        0  llsshr.o(.text)
    .text                                    0x0800060c   Section        0  iusefp.o(.text)
    .text                                    0x0800060c   Section        0  fepilogue.o(.text)
    .text                                    0x0800067a   Section        0  depilogue.o(.text)
    .text                                    0x08000734   Section        0  dsqrt.o(.text)
    .text                                    0x080007d6   Section        0  dfixul.o(.text)
    .text                                    0x08000808   Section       48  cdrcmple.o(.text)
    .text                                    0x08000838   Section       36  init.o(.text)
    .text                                    0x0800085c   Section        0  llushr.o(.text)
    i.BusFault_Handler                       0x0800087c   Section        0  stm32f30x_it.o(i.BusFault_Handler)
    i.CompassToggle                          0x08000880   Section        0  custom_function.o(i.CompassToggle)
    i.DMA_Cmd                                0x08000cdc   Section        0  stm32f30x_dma.o(i.DMA_Cmd)
    i.DMA_Config                             0x08000d94   Section        0  func_utils.o(i.DMA_Config)
    i.DMA_ITConfig                           0x08000de0   Section        0  stm32f30x_dma.o(i.DMA_ITConfig)
    i.DMA_Init                               0x08000ea8   Section        0  stm32f30x_dma.o(i.DMA_Init)
    i.DebugMon_Handler                       0x08001014   Section        0  stm32f30x_it.o(i.DebugMon_Handler)
    i.Delay                                  0x08001018   Section        0  func_utils.o(i.Delay)
    i.EXTI0_IRQHandler                       0x0800102c   Section        0  stm32f30x_it.o(i.EXTI0_IRQHandler)
    i.EXTI_ClearITPendingBit                 0x0800109c   Section        0  stm32f30x_exti.o(i.EXTI_ClearITPendingBit)
    i.EXTI_GetITStatus                       0x080010fc   Section        0  stm32f30x_exti.o(i.EXTI_GetITStatus)
    i.EXTI_Init                              0x080011c8   Section        0  stm32f30x_exti.o(i.EXTI_Init)
    i.GPIO_Init                              0x08001338   Section        0  stm32f30x_gpio.o(i.GPIO_Init)
    i.GPIO_PinAFConfig                       0x08001478   Section        0  stm32f30x_gpio.o(i.GPIO_PinAFConfig)
    i.GPIO_ReadInputDataBit                  0x08001588   Section        0  stm32f30x_gpio.o(i.GPIO_ReadInputDataBit)
    i.GPIO_ResetBits                         0x08001658   Section        0  stm32f30x_gpio.o(i.GPIO_ResetBits)
    i.GPIO_SetBits                           0x080016d0   Section        0  stm32f30x_gpio.o(i.GPIO_SetBits)
    i.GyroToggle                             0x08001748   Section        0  custom_function.o(i.GyroToggle)
    i.HC05_Set_Cmd                           0x08001870   Section        0  hc05_set.o(i.HC05_Set_Cmd)
    i.HardFault_Handler                      0x080018fc   Section        0  stm32f30x_it.o(i.HardFault_Handler)
    i.I2C_ClearFlag                          0x08001900   Section        0  stm32f30x_i2c.o(i.I2C_ClearFlag)
    i.I2C_Cmd                                0x08001960   Section        0  stm32f30x_i2c.o(i.I2C_Cmd)
    i.I2C_GetFlagStatus                      0x080019c8   Section        0  stm32f30x_i2c.o(i.I2C_GetFlagStatus)
    i.I2C_Init                               0x08001a70   Section        0  stm32f30x_i2c.o(i.I2C_Init)
    i.I2C_ReceiveData                        0x08001b7c   Section        0  stm32f30x_i2c.o(i.I2C_ReceiveData)
    i.I2C_SendData                           0x08001bc4   Section        0  stm32f30x_i2c.o(i.I2C_SendData)
    i.I2C_TransferHandling                   0x08001c0c   Section        0  stm32f30x_i2c.o(i.I2C_TransferHandling)
    i.Init_User_Config                       0x08001cbc   Section        0  custom_function.o(i.Init_User_Config)
    i.L3GD20_FilterCmd                       0x08001d34   Section        0  stm32f3_discovery_l3gd20.o(i.L3GD20_FilterCmd)
    i.L3GD20_FilterConfig                    0x08001d5c   Section        0  stm32f3_discovery_l3gd20.o(i.L3GD20_FilterConfig)
    i.L3GD20_Init                            0x08001d8e   Section        0  stm32f3_discovery_l3gd20.o(i.L3GD20_Init)
    i.L3GD20_LowLevel_Init                   0x08001de4   Section        0  stm32f3_discovery_l3gd20.o(i.L3GD20_LowLevel_Init)
    L3GD20_LowLevel_Init                     0x08001de5   Thumb Code   306  stm32f3_discovery_l3gd20.o(i.L3GD20_LowLevel_Init)
    i.L3GD20_Read                            0x08001f20   Section        0  stm32f3_discovery_l3gd20.o(i.L3GD20_Read)
    i.L3GD20_SendByte                        0x08001f6c   Section        0  stm32f3_discovery_l3gd20.o(i.L3GD20_SendByte)
    L3GD20_SendByte                          0x08001f6d   Thumb Code    90  stm32f3_discovery_l3gd20.o(i.L3GD20_SendByte)
    i.L3GD20_TIMEOUT_UserCallback            0x08001fd0   Section        0  func_utils.o(i.L3GD20_TIMEOUT_UserCallback)
    i.L3GD20_Write                           0x08001fd4   Section        0  stm32f3_discovery_l3gd20.o(i.L3GD20_Write)
    i.LEDs_Blink                             0x08002018   Section        0  custom_function.o(i.LEDs_Blink)
    i.LEDs_Off                               0x0800202a   Section        0  custom_function.o(i.LEDs_Off)
    i.LSM303DLHC_AccFilterConfig             0x08002060   Section        0  stm32f3_discovery_lsm303dlhc.o(i.LSM303DLHC_AccFilterConfig)
    i.LSM303DLHC_AccInit                     0x0800209c   Section        0  stm32f3_discovery_lsm303dlhc.o(i.LSM303DLHC_AccInit)
    i.LSM303DLHC_LowLevel_Init               0x080020f0   Section        0  stm32f3_discovery_lsm303dlhc.o(i.LSM303DLHC_LowLevel_Init)
    LSM303DLHC_LowLevel_Init                 0x080020f1   Thumb Code   254  stm32f3_discovery_lsm303dlhc.o(i.LSM303DLHC_LowLevel_Init)
    i.LSM303DLHC_MagInit                     0x08002200   Section        0  stm32f3_discovery_lsm303dlhc.o(i.LSM303DLHC_MagInit)
    i.LSM303DLHC_Read                        0x08002260   Section        0  stm32f3_discovery_lsm303dlhc.o(i.LSM303DLHC_Read)
    i.LSM303DLHC_TIMEOUT_UserCallback        0x08002358   Section        0  func_utils.o(i.LSM303DLHC_TIMEOUT_UserCallback)
    i.LSM303DLHC_Write                       0x0800235c   Section        0  stm32f3_discovery_lsm303dlhc.o(i.LSM303DLHC_Write)
    i.Lamp_CatchSignal                       0x0800243c   Section        0  custom_function.o(i.Lamp_CatchSignal)
    i.MarqueeToggle                          0x080024a0   Section        0  custom_function.o(i.MarqueeToggle)
    i.MemManage_Handler                      0x08002506   Section        0  stm32f30x_it.o(i.MemManage_Handler)
    i.My_CompassConfig                       0x08002508   Section        0  func_utils.o(i.My_CompassConfig)
    i.My_CompassReadAcc                      0x0800256c   Section        0  func_utils.o(i.My_CompassReadAcc)
    i.My_CompassReadMag                      0x080026a0   Section        0  func_utils.o(i.My_CompassReadMag)
    i.My_GyroConfig                          0x080027dc   Section        0  func_utils.o(i.My_GyroConfig)
    i.My_GyroReadAngRate                     0x08002820   Section        0  func_utils.o(i.My_GyroReadAngRate)
    i.My_USBConfig                           0x0800291c   Section        0  func_utils.o(i.My_USBConfig)
    i.NMI_Handler                            0x08002944   Section        0  stm32f30x_it.o(i.NMI_Handler)
    i.NVIC_Init                              0x08002948   Section        0  stm32f30x_misc.o(i.NVIC_Init)
    i.NVIC_PriorityGroupConfig               0x080029fc   Section        0  stm32f30x_misc.o(i.NVIC_PriorityGroupConfig)
    i.PendSV_Handler                         0x08002a58   Section        0  stm32f30x_it.o(i.PendSV_Handler)
    i.RCC_AHBPeriphClockCmd                  0x08002a5c   Section        0  stm32f30x_rcc.o(i.RCC_AHBPeriphClockCmd)
    i.RCC_APB1PeriphClockCmd                 0x08002abc   Section        0  stm32f30x_rcc.o(i.RCC_APB1PeriphClockCmd)
    i.RCC_APB1PeriphResetCmd                 0x08002b1c   Section        0  stm32f30x_rcc.o(i.RCC_APB1PeriphResetCmd)
    i.RCC_APB2PeriphClockCmd                 0x08002b7c   Section        0  stm32f30x_rcc.o(i.RCC_APB2PeriphClockCmd)
    i.RCC_APB2PeriphResetCmd                 0x08002bdc   Section        0  stm32f30x_rcc.o(i.RCC_APB2PeriphResetCmd)
    i.RCC_GetClocksFreq                      0x08002c3c   Section        0  stm32f30x_rcc.o(i.RCC_GetClocksFreq)
    i.RCC_USBCLKConfig                       0x08002e8c   Section        0  stm32f30x_rcc.o(i.RCC_USBCLKConfig)
    i.SPI_Cmd                                0x08002ecc   Section        0  stm32f30x_spi.o(i.SPI_Cmd)
    i.SPI_I2S_DeInit                         0x08002f3c   Section        0  stm32f30x_spi.o(i.SPI_I2S_DeInit)
    i.SPI_I2S_GetFlagStatus                  0x08002fc4   Section        0  stm32f30x_spi.o(i.SPI_I2S_GetFlagStatus)
    i.SPI_Init                               0x08003060   Section        0  stm32f30x_spi.o(i.SPI_Init)
    i.SPI_ReceiveData8                       0x08003238   Section        0  stm32f30x_spi.o(i.SPI_ReceiveData8)
    i.SPI_RxFIFOThresholdConfig              0x08003298   Section        0  stm32f30x_spi.o(i.SPI_RxFIFOThresholdConfig)
    i.SPI_SendData8                          0x08003308   Section        0  stm32f30x_spi.o(i.SPI_SendData8)
    i.STM_EVAL_LEDInit                       0x0800335c   Section        0  stm32f3_discovery.o(i.STM_EVAL_LEDInit)
    i.STM_EVAL_LEDOff                        0x080033a4   Section        0  stm32f3_discovery.o(i.STM_EVAL_LEDOff)
    i.STM_EVAL_LEDOn                         0x080033bc   Section        0  stm32f3_discovery.o(i.STM_EVAL_LEDOn)
    i.STM_EVAL_LEDToggle                     0x080033d4   Section        0  stm32f3_discovery.o(i.STM_EVAL_LEDToggle)
    i.STM_EVAL_PBGetState                    0x080033f0   Section        0  stm32f3_discovery.o(i.STM_EVAL_PBGetState)
    i.STM_EVAL_PBInit                        0x08003408   Section        0  stm32f3_discovery.o(i.STM_EVAL_PBInit)
    i.SVC_Handler                            0x080034a0   Section        0  stm32f30x_it.o(i.SVC_Handler)
    i.SYSCFG_EXTILineConfig                  0x080034a4   Section        0  stm32f30x_syscfg.o(i.SYSCFG_EXTILineConfig)
    i.SetSysClock                            0x0800355c   Section        0  system_stm32f30x.o(i.SetSysClock)
    SetSysClock                              0x0800355d   Thumb Code   140  system_stm32f30x.o(i.SetSysClock)
    i.Set_System                             0x080035f0   Section        0  hw_config.o(i.Set_System)
    i.Set_USBClock                           0x0800367c   Section        0  hw_config.o(i.Set_USBClock)
    i.SysTick_Handler                        0x08003690   Section        0  stm32f30x_it.o(i.SysTick_Handler)
    i.SystemInit                             0x080036b0   Section        0  system_stm32f30x.o(i.SystemInit)
    i.TimingDelay_Decrement                  0x08003720   Section        0  func_utils.o(i.TimingDelay_Decrement)
    i.USB_Interrupts_Config                  0x08003734   Section        0  hw_config.o(i.USB_Interrupts_Config)
    i.UsageFault_Handler                     0x08003782   Section        0  stm32f30x_it.o(i.UsageFault_Handler)
    i.__0sprintf                             0x08003784   Section        0  printfa.o(i.__0sprintf)
    i.__0vsprintf                            0x080037ac   Section        0  printfa.o(i.__0vsprintf)
    i.__ARM_fpclassifyf                      0x080037d0   Section        0  fpclassifyf.o(i.__ARM_fpclassifyf)
    i.__hardfp_acos                          0x080037f8   Section        0  acos.o(i.__hardfp_acos)
    i.__hardfp_atan2f                        0x08003b50   Section        0  atan2f.o(i.__hardfp_atan2f)
    i.__hardfp_sqrt                          0x08003da0   Section        0  sqrt.o(i.__hardfp_sqrt)
    i.__kernel_poly                          0x08003e1a   Section        0  poly.o(i.__kernel_poly)
    i.__mathlib_dbl_infnan                   0x08003f12   Section        0  dunder.o(i.__mathlib_dbl_infnan)
    i.__mathlib_dbl_invalid                  0x08003f28   Section        0  dunder.o(i.__mathlib_dbl_invalid)
    i.__mathlib_flt_infnan2                  0x08003f48   Section        0  funder.o(i.__mathlib_flt_infnan2)
    i.__mathlib_flt_underflow                0x08003f50   Section        0  funder.o(i.__mathlib_flt_underflow)
    i.__scatterload_copy                     0x08003f60   Section       14  handlers.o(i.__scatterload_copy)
    i.__scatterload_null                     0x08003f6e   Section        2  handlers.o(i.__scatterload_null)
    i.__scatterload_zeroinit                 0x08003f70   Section       14  handlers.o(i.__scatterload_zeroinit)
    i.__set_errno                            0x08003f80   Section        0  errno.o(i.__set_errno)
    i._fp_digits                             0x08003f8c   Section        0  printfa.o(i._fp_digits)
    _fp_digits                               0x08003f8d   Thumb Code   334  printfa.o(i._fp_digits)
    i._printf_core                           0x080040f0   Section        0  printfa.o(i._printf_core)
    _printf_core                             0x080040f1   Thumb Code  1744  printfa.o(i._printf_core)
    i._printf_post_padding                   0x080047cc   Section        0  printfa.o(i._printf_post_padding)
    _printf_post_padding                     0x080047cd   Thumb Code    36  printfa.o(i._printf_post_padding)
    i._printf_pre_padding                    0x080047f0   Section        0  printfa.o(i._printf_pre_padding)
    _printf_pre_padding                      0x080047f1   Thumb Code    46  printfa.o(i._printf_pre_padding)
    i._sputc                                 0x0800481e   Section        0  printfa.o(i._sputc)
    _sputc                                   0x0800481f   Thumb Code    10  printfa.o(i._sputc)
    i.arm_sqrt_f32                           0x08004828   Section        0  custom_function.o(i.arm_sqrt_f32)
    arm_sqrt_f32                             0x08004829   Thumb Code    36  custom_function.o(i.arm_sqrt_f32)
    i.assert_failed                          0x08004850   Section        0  func_utils.o(i.assert_failed)
    i.main                                   0x08004854   Section        0  main.o(i.main)
    i.sqrt                                   0x08004904   Section        0  sqrt.o(i.sqrt)
    i.u2_printf                              0x08004974   Section        0  func_utils.o(i.u2_printf)
    .constdata                               0x080049ac   Section       60  stm32f3_discovery.o(.constdata)
    .constdata                               0x080049e8   Section       80  acos.o(.constdata)
    pS                                       0x080049e8   Data          48  acos.o(.constdata)
    qS                                       0x08004a18   Data          32  acos.o(.constdata)
    .data                                    0x20000000   Section       36  stm32f3_discovery.o(.data)
    .data                                    0x20000024   Section        4  stm32f3_discovery_l3gd20.o(.data)
    .data                                    0x20000028   Section        4  stm32f3_discovery_lsm303dlhc.o(.data)
    .data                                    0x2000002c   Section        4  stm32f30x_it.o(.data)
    .data                                    0x20000030   Section       42  stm32f30x_rcc.o(.data)
    APBAHBPrescTable                         0x20000030   Data          16  stm32f30x_rcc.o(.data)
    ADCPrescTable                            0x20000040   Data          26  stm32f30x_rcc.o(.data)
    .data                                    0x2000005c   Section        4  usb_pwr.o(.data)
    .data                                    0x20000060   Section       12  hw_config.o(.data)
    .data                                    0x2000006c   Section       14  func_utils.o(.data)
    buffer                                   0x20000074   Data           6  func_utils.o(.data)
    .data                                    0x2000007c   Section       44  custom_function.o(.data)
    .data                                    0x200000a8   Section        8  main.o(.data)
    .data                                    0x200000b0   Section        2  hc05_set.o(.data)
    .data                                    0x200000b4   Section        4  errno.o(.data)
    _errno                                   0x200000b4   Data           4  errno.o(.data)
    .bss                                     0x200000b8   Section      256  func_utils.o(.bss)
    .bss                                     0x200001b8   Section       96  custom_function.o(.bss)
    .bss                                     0x20000218   Section       44  main.o(.bss)
    .bss                                     0x20000244   Section      256  hc05_set.o(.bss)
    STACK                                    0x20000348   Section     1024  startup_stm32f30x.o(STACK)

    Global Symbols

    Symbol Name                              Value     Ov Type        Size  Object(Section)

    BuildAttributes$$THM_ISAv4$E$P$D$K$B$S$7EM$VFPi3$EXTD16$VFPS$VFMA$PE$A:L22UL41UL21$X:L11$S22US41US21$IEEE1$IW$USESV6$~STKCKD$USESV7$~SHL$OTIME$ROPI$IEEEX$EBA8$MICROLIB$REQ8$PRES8$EABIv2 0x00000000   Number         0  anon$$obj.o ABSOLUTE
    __ARM_use_no_argv                        0x00000000   Number         0  main.o ABSOLUTE
    __use_no_errno                           0x00000000   Number         0  useno.o ABSOLUTE
    __use_no_exception_handling              0x00000000   Number         0  useno.o ABSOLUTE
    __use_no_fp                              0x00000000   Number         0  useno.o ABSOLUTE
    __use_no_heap                            0x00000000   Number         0  useno.o ABSOLUTE
    __use_no_heap_region                     0x00000000   Number         0  useno.o ABSOLUTE
    __use_no_semihosting                     0x00000000   Number         0  useno.o ABSOLUTE
    __use_no_semihosting_swi                 0x00000000   Number         0  useno.o ABSOLUTE
    __use_no_signal_handling                 0x00000000   Number         0  useno.o ABSOLUTE
    _printf_a                                0x00000000   Number         0  stubs.o ABSOLUTE
    _printf_c                                0x00000000   Number         0  stubs.o ABSOLUTE
    _printf_charcount                        0x00000000   Number         0  stubs.o ABSOLUTE
    _printf_d                                0x00000000   Number         0  stubs.o ABSOLUTE
    _printf_e                                0x00000000   Number         0  stubs.o ABSOLUTE
    _printf_f                                0x00000000   Number         0  stubs.o ABSOLUTE
    _printf_flags                            0x00000000   Number         0  stubs.o ABSOLUTE
    _printf_fp_dec                           0x00000000   Number         0  stubs.o ABSOLUTE
    _printf_fp_hex                           0x00000000   Number         0  stubs.o ABSOLUTE
    _printf_g                                0x00000000   Number         0  stubs.o ABSOLUTE
    _printf_i                                0x00000000   Number         0  stubs.o ABSOLUTE
    _printf_int_dec                          0x00000000   Number         0  stubs.o ABSOLUTE
    _printf_l                                0x00000000   Number         0  stubs.o ABSOLUTE
    _printf_lc                               0x00000000   Number         0  stubs.o ABSOLUTE
    _printf_ll                               0x00000000   Number         0  stubs.o ABSOLUTE
    _printf_lld                              0x00000000   Number         0  stubs.o ABSOLUTE
    _printf_lli                              0x00000000   Number         0  stubs.o ABSOLUTE
    _printf_llo                              0x00000000   Number         0  stubs.o ABSOLUTE
    _printf_llu                              0x00000000   Number         0  stubs.o ABSOLUTE
    _printf_llx                              0x00000000   Number         0  stubs.o ABSOLUTE
    _printf_longlong_dec                     0x00000000   Number         0  stubs.o ABSOLUTE
    _printf_longlong_hex                     0x00000000   Number         0  stubs.o ABSOLUTE
    _printf_longlong_oct                     0x00000000   Number         0  stubs.o ABSOLUTE
    _printf_ls                               0x00000000   Number         0  stubs.o ABSOLUTE
    _printf_mbtowc                           0x00000000   Number         0  stubs.o ABSOLUTE
    _printf_n                                0x00000000   Number         0  stubs.o ABSOLUTE
    _printf_o                                0x00000000   Number         0  stubs.o ABSOLUTE
    _printf_p                                0x00000000   Number         0  stubs.o ABSOLUTE
    _printf_percent                          0x00000000   Number         0  stubs.o ABSOLUTE
    _printf_pre_padding                      0x00000000   Number         0  stubs.o ABSOLUTE
    _printf_return_value                     0x00000000   Number         0  stubs.o ABSOLUTE
    _printf_s                                0x00000000   Number         0  stubs.o ABSOLUTE
    _printf_sizespec                         0x00000000   Number         0  stubs.o ABSOLUTE
    _printf_str                              0x00000000   Number         0  stubs.o ABSOLUTE
    _printf_truncate_signed                  0x00000000   Number         0  stubs.o ABSOLUTE
    _printf_truncate_unsigned                0x00000000   Number         0  stubs.o ABSOLUTE
    _printf_u                                0x00000000   Number         0  stubs.o ABSOLUTE
    _printf_wc                               0x00000000   Number         0  stubs.o ABSOLUTE
    _printf_wctomb                           0x00000000   Number         0  stubs.o ABSOLUTE
    _printf_widthprec                        0x00000000   Number         0  stubs.o ABSOLUTE
    _printf_x                                0x00000000   Number         0  stubs.o ABSOLUTE
    __cpp_initialize__aeabi_                  - Undefined Weak Reference
    __cxa_finalize                            - Undefined Weak Reference
    __decompress                              - Undefined Weak Reference
    _clock_init                               - Undefined Weak Reference
    _microlib_exit                            - Undefined Weak Reference
    __Vectors_Size                           0x00000188   Number         0  startup_stm32f30x.o ABSOLUTE
    __Vectors                                0x08000000   Data           4  startup_stm32f30x.o(RESET)
    __Vectors_End                            0x08000188   Data           0  startup_stm32f30x.o(RESET)
    __main                                   0x08000189   Thumb Code     0  entry.o(.ARM.Collect$$$$00000000)
    _main_stk                                0x08000189   Thumb Code     0  entry2.o(.ARM.Collect$$$$00000001)
    _main_scatterload                        0x0800018d   Thumb Code     0  entry5.o(.ARM.Collect$$$$00000004)
    __main_after_scatterload                 0x08000191   Thumb Code     0  entry5.o(.ARM.Collect$$$$00000004)
    _main_clock                              0x08000191   Thumb Code     0  entry7b.o(.ARM.Collect$$$$00000008)
    _main_cpp_init                           0x08000191   Thumb Code     0  entry8b.o(.ARM.Collect$$$$0000000A)
    _main_init                               0x08000191   Thumb Code     0  entry9a.o(.ARM.Collect$$$$0000000B)
    __rt_final_cpp                           0x08000199   Thumb Code     0  entry10a.o(.ARM.Collect$$$$0000000D)
    __rt_final_exit                          0x08000199   Thumb Code     0  entry11a.o(.ARM.Collect$$$$0000000F)
    Reset_Handler                            0x0800019d   Thumb Code     8  startup_stm32f30x.o(.text)
    ADC1_2_IRQHandler                        0x080001b7   Thumb Code     0  startup_stm32f30x.o(.text)
    ADC3_IRQHandler                          0x080001b7   Thumb Code     0  startup_stm32f30x.o(.text)
    ADC4_IRQHandler                          0x080001b7   Thumb Code     0  startup_stm32f30x.o(.text)
    CAN1_RX1_IRQHandler                      0x080001b7   Thumb Code     0  startup_stm32f30x.o(.text)
    CAN1_SCE_IRQHandler                      0x080001b7   Thumb Code     0  startup_stm32f30x.o(.text)
    COMP1_2_3_IRQHandler                     0x080001b7   Thumb Code     0  startup_stm32f30x.o(.text)
    COMP4_5_6_IRQHandler                     0x080001b7   Thumb Code     0  startup_stm32f30x.o(.text)
    COMP7_IRQHandler                         0x080001b7   Thumb Code     0  startup_stm32f30x.o(.text)
    DMA1_Channel1_IRQHandler                 0x080001b7   Thumb Code     0  startup_stm32f30x.o(.text)
    DMA1_Channel2_IRQHandler                 0x080001b7   Thumb Code     0  startup_stm32f30x.o(.text)
    DMA1_Channel3_IRQHandler                 0x080001b7   Thumb Code     0  startup_stm32f30x.o(.text)
    DMA1_Channel4_IRQHandler                 0x080001b7   Thumb Code     0  startup_stm32f30x.o(.text)
    DMA1_Channel5_IRQHandler                 0x080001b7   Thumb Code     0  startup_stm32f30x.o(.text)
    DMA1_Channel6_IRQHandler                 0x080001b7   Thumb Code     0  startup_stm32f30x.o(.text)
    DMA1_Channel7_IRQHandler                 0x080001b7   Thumb Code     0  startup_stm32f30x.o(.text)
    DMA2_Channel1_IRQHandler                 0x080001b7   Thumb Code     0  startup_stm32f30x.o(.text)
    DMA2_Channel2_IRQHandler                 0x080001b7   Thumb Code     0  startup_stm32f30x.o(.text)
    DMA2_Channel3_IRQHandler                 0x080001b7   Thumb Code     0  startup_stm32f30x.o(.text)
    DMA2_Channel4_IRQHandler                 0x080001b7   Thumb Code     0  startup_stm32f30x.o(.text)
    DMA2_Channel5_IRQHandler                 0x080001b7   Thumb Code     0  startup_stm32f30x.o(.text)
    EXTI15_10_IRQHandler                     0x080001b7   Thumb Code     0  startup_stm32f30x.o(.text)
    EXTI1_IRQHandler                         0x080001b7   Thumb Code     0  startup_stm32f30x.o(.text)
    EXTI2_TS_IRQHandler                      0x080001b7   Thumb Code     0  startup_stm32f30x.o(.text)
    EXTI3_IRQHandler                         0x080001b7   Thumb Code     0  startup_stm32f30x.o(.text)
    EXTI4_IRQHandler                         0x080001b7   Thumb Code     0  startup_stm32f30x.o(.text)
    EXTI9_5_IRQHandler                       0x080001b7   Thumb Code     0  startup_stm32f30x.o(.text)
    FLASH_IRQHandler                         0x080001b7   Thumb Code     0  startup_stm32f30x.o(.text)
    FPU_IRQHandler                           0x080001b7   Thumb Code     0  startup_stm32f30x.o(.text)
    I2C1_ER_IRQHandler                       0x080001b7   Thumb Code     0  startup_stm32f30x.o(.text)
    I2C1_EV_IRQHandler                       0x080001b7   Thumb Code     0  startup_stm32f30x.o(.text)
    I2C2_ER_IRQHandler                       0x080001b7   Thumb Code     0  startup_stm32f30x.o(.text)
    I2C2_EV_IRQHandler                       0x080001b7   Thumb Code     0  startup_stm32f30x.o(.text)
    PVD_IRQHandler                           0x080001b7   Thumb Code     0  startup_stm32f30x.o(.text)
    RCC_IRQHandler                           0x080001b7   Thumb Code     0  startup_stm32f30x.o(.text)
    RTC_Alarm_IRQHandler                     0x080001b7   Thumb Code     0  startup_stm32f30x.o(.text)
    RTC_WKUP_IRQHandler                      0x080001b7   Thumb Code     0  startup_stm32f30x.o(.text)
    SPI1_IRQHandler                          0x080001b7   Thumb Code     0  startup_stm32f30x.o(.text)
    SPI2_IRQHandler                          0x080001b7   Thumb Code     0  startup_stm32f30x.o(.text)
    SPI3_IRQHandler                          0x080001b7   Thumb Code     0  startup_stm32f30x.o(.text)
    TAMPER_STAMP_IRQHandler                  0x080001b7   Thumb Code     0  startup_stm32f30x.o(.text)
    TIM1_BRK_TIM15_IRQHandler                0x080001b7   Thumb Code     0  startup_stm32f30x.o(.text)
    TIM1_CC_IRQHandler                       0x080001b7   Thumb Code     0  startup_stm32f30x.o(.text)
    TIM1_TRG_COM_TIM17_IRQHandler            0x080001b7   Thumb Code     0  startup_stm32f30x.o(.text)
    TIM1_UP_TIM16_IRQHandler                 0x080001b7   Thumb Code     0  startup_stm32f30x.o(.text)
    TIM2_IRQHandler                          0x080001b7   Thumb Code     0  startup_stm32f30x.o(.text)
    TIM3_IRQHandler                          0x080001b7   Thumb Code     0  startup_stm32f30x.o(.text)
    TIM4_IRQHandler                          0x080001b7   Thumb Code     0  startup_stm32f30x.o(.text)
    TIM6_DAC_IRQHandler                      0x080001b7   Thumb Code     0  startup_stm32f30x.o(.text)
    TIM7_IRQHandler                          0x080001b7   Thumb Code     0  startup_stm32f30x.o(.text)
    TIM8_BRK_IRQHandler                      0x080001b7   Thumb Code     0  startup_stm32f30x.o(.text)
    TIM8_CC_IRQHandler                       0x080001b7   Thumb Code     0  startup_stm32f30x.o(.text)
    TIM8_TRG_COM_IRQHandler                  0x080001b7   Thumb Code     0  startup_stm32f30x.o(.text)
    TIM8_UP_IRQHandler                       0x080001b7   Thumb Code     0  startup_stm32f30x.o(.text)
    UART4_IRQHandler                         0x080001b7   Thumb Code     0  startup_stm32f30x.o(.text)
    UART5_IRQHandler                         0x080001b7   Thumb Code     0  startup_stm32f30x.o(.text)
    USART1_IRQHandler                        0x080001b7   Thumb Code     0  startup_stm32f30x.o(.text)
    USART2_IRQHandler                        0x080001b7   Thumb Code     0  startup_stm32f30x.o(.text)
    USART3_IRQHandler                        0x080001b7   Thumb Code     0  startup_stm32f30x.o(.text)
    USBWakeUp_IRQHandler                     0x080001b7   Thumb Code     0  startup_stm32f30x.o(.text)
    USBWakeUp_RMP_IRQHandler                 0x080001b7   Thumb Code     0  startup_stm32f30x.o(.text)
    USB_HP_CAN1_TX_IRQHandler                0x080001b7   Thumb Code     0  startup_stm32f30x.o(.text)
    USB_HP_IRQHandler                        0x080001b7   Thumb Code     0  startup_stm32f30x.o(.text)
    USB_LP_CAN1_RX0_IRQHandler               0x080001b7   Thumb Code     0  startup_stm32f30x.o(.text)
    USB_LP_IRQHandler                        0x080001b7   Thumb Code     0  startup_stm32f30x.o(.text)
    WWDG_IRQHandler                          0x080001b7   Thumb Code     0  startup_stm32f30x.o(.text)
    strlen                                   0x080001c1   Thumb Code    14  strlen.o(.text)
    __aeabi_dadd                             0x080001cf   Thumb Code   322  dadd.o(.text)
    __aeabi_dsub                             0x08000311   Thumb Code     6  dadd.o(.text)
    __aeabi_drsub                            0x08000317   Thumb Code     6  dadd.o(.text)
    __aeabi_dmul                             0x0800031d   Thumb Code   228  dmul.o(.text)
    __aeabi_ddiv                             0x08000401   Thumb Code   222  ddiv.o(.text)
    __aeabi_f2d                              0x080004df   Thumb Code    38  f2d.o(.text)
    __aeabi_d2f                              0x08000505   Thumb Code    56  d2f.o(.text)
    __aeabi_uidiv                            0x0800053d   Thumb Code     0  uidiv.o(.text)
    __aeabi_uidivmod                         0x0800053d   Thumb Code    44  uidiv.o(.text)
    __aeabi_uldivmod                         0x08000569   Thumb Code    98  uldiv.o(.text)
    __aeabi_llsl                             0x080005cb   Thumb Code    30  llshl.o(.text)
    _ll_shift_l                              0x080005cb   Thumb Code     0  llshl.o(.text)
    __aeabi_lasr                             0x080005e9   Thumb Code    36  llsshr.o(.text)
    _ll_sshift_r                             0x080005e9   Thumb Code     0  llsshr.o(.text)
    __I$use$fp                               0x0800060d   Thumb Code     0  iusefp.o(.text)
    _float_round                             0x0800060d   Thumb Code    18  fepilogue.o(.text)
    _float_epilogue                          0x0800061f   Thumb Code    92  fepilogue.o(.text)
    _double_round                            0x0800067b   Thumb Code    30  depilogue.o(.text)
    _double_epilogue                         0x08000699   Thumb Code   156  depilogue.o(.text)
    _dsqrt                                   0x08000735   Thumb Code   162  dsqrt.o(.text)
    __aeabi_d2ulz                            0x080007d7   Thumb Code    48  dfixul.o(.text)
    __aeabi_cdrcmple                         0x08000809   Thumb Code    48  cdrcmple.o(.text)
    __scatterload                            0x08000839   Thumb Code    28  init.o(.text)
    __scatterload_rt2                        0x08000839   Thumb Code     0  init.o(.text)
    __aeabi_llsr                             0x0800085d   Thumb Code    32  llushr.o(.text)
    _ll_ushift_r                             0x0800085d   Thumb Code     0  llushr.o(.text)
    BusFault_Handler                         0x0800087d   Thumb Code     2  stm32f30x_it.o(i.BusFault_Handler)
    CompassToggle                            0x08000881   Thumb Code  1116  custom_function.o(i.CompassToggle)
    DMA_Cmd                                  0x08000cdd   Thumb Code   144  stm32f30x_dma.o(i.DMA_Cmd)
    DMA_Config                               0x08000d95   Thumb Code    70  func_utils.o(i.DMA_Config)
    DMA_ITConfig                             0x08000de1   Thumb Code   158  stm32f30x_dma.o(i.DMA_ITConfig)
    DMA_Init                                 0x08000ea9   Thumb Code   322  stm32f30x_dma.o(i.DMA_Init)
    DebugMon_Handler                         0x08001015   Thumb Code     2  stm32f30x_it.o(i.DebugMon_Handler)
    Delay                                    0x08001019   Thumb Code    16  func_utils.o(i.Delay)
    EXTI0_IRQHandler                         0x0800102d   Thumb Code    98  stm32f30x_it.o(i.EXTI0_IRQHandler)
    EXTI_ClearITPendingBit                   0x0800109d   Thumb Code    60  stm32f30x_exti.o(i.EXTI_ClearITPendingBit)
    EXTI_GetITStatus                         0x080010fd   Thumb Code   166  stm32f30x_exti.o(i.EXTI_GetITStatus)
    EXTI_Init                                0x080011c9   Thumb Code   326  stm32f30x_exti.o(i.EXTI_Init)
    GPIO_Init                                0x08001339   Thumb Code   266  stm32f30x_gpio.o(i.GPIO_Init)
    GPIO_PinAFConfig                         0x08001479   Thumb Code   220  stm32f30x_gpio.o(i.GPIO_PinAFConfig)
    GPIO_ReadInputDataBit                    0x08001589   Thumb Code   156  stm32f30x_gpio.o(i.GPIO_ReadInputDataBit)
    GPIO_ResetBits                           0x08001659   Thumb Code    68  stm32f30x_gpio.o(i.GPIO_ResetBits)
    GPIO_SetBits                             0x080016d1   Thumb Code    68  stm32f30x_gpio.o(i.GPIO_SetBits)
    GyroToggle                               0x08001749   Thumb Code   286  custom_function.o(i.GyroToggle)
    HC05_Set_Cmd                             0x08001871   Thumb Code   118  hc05_set.o(i.HC05_Set_Cmd)
    HardFault_Handler                        0x080018fd   Thumb Code     2  stm32f30x_it.o(i.HardFault_Handler)
    I2C_ClearFlag                            0x08001901   Thumb Code    54  stm32f30x_i2c.o(i.I2C_ClearFlag)
    I2C_Cmd                                  0x08001961   Thumb Code    62  stm32f30x_i2c.o(i.I2C_Cmd)
    I2C_GetFlagStatus                        0x080019c9   Thumb Code   126  stm32f30x_i2c.o(i.I2C_GetFlagStatus)
    I2C_Init                                 0x08001a71   Thumb Code   220  stm32f30x_i2c.o(i.I2C_Init)
    I2C_ReceiveData                          0x08001b7d   Thumb Code    32  stm32f30x_i2c.o(i.I2C_ReceiveData)
    I2C_SendData                             0x08001bc5   Thumb Code    32  stm32f30x_i2c.o(i.I2C_SendData)
    I2C_TransferHandling                     0x08001c0d   Thumb Code   132  stm32f30x_i2c.o(i.I2C_TransferHandling)
    Init_User_Config                         0x08001cbd   Thumb Code   112  custom_function.o(i.Init_User_Config)
    L3GD20_FilterCmd                         0x08001d35   Thumb Code    40  stm32f3_discovery_l3gd20.o(i.L3GD20_FilterCmd)
    L3GD20_FilterConfig                      0x08001d5d   Thumb Code    50  stm32f3_discovery_l3gd20.o(i.L3GD20_FilterConfig)
    L3GD20_Init                              0x08001d8f   Thumb Code    84  stm32f3_discovery_l3gd20.o(i.L3GD20_Init)
    L3GD20_Read                              0x08001f21   Thumb Code    70  stm32f3_discovery_l3gd20.o(i.L3GD20_Read)
    L3GD20_TIMEOUT_UserCallback              0x08001fd1   Thumb Code     4  func_utils.o(i.L3GD20_TIMEOUT_UserCallback)
    L3GD20_Write                             0x08001fd5   Thumb Code    64  stm32f3_discovery_l3gd20.o(i.L3GD20_Write)
    LEDs_Blink                               0x08002019   Thumb Code    18  custom_function.o(i.LEDs_Blink)
    LEDs_Off                                 0x0800202b   Thumb Code    54  custom_function.o(i.LEDs_Off)
    LSM303DLHC_AccFilterConfig               0x08002061   Thumb Code    60  stm32f3_discovery_lsm303dlhc.o(i.LSM303DLHC_AccFilterConfig)
    LSM303DLHC_AccInit                       0x0800209d   Thumb Code    84  stm32f3_discovery_lsm303dlhc.o(i.LSM303DLHC_AccInit)
    LSM303DLHC_MagInit                       0x08002201   Thumb Code    94  stm32f3_discovery_lsm303dlhc.o(i.LSM303DLHC_MagInit)
    LSM303DLHC_Read                          0x08002261   Thumb Code   240  stm32f3_discovery_lsm303dlhc.o(i.LSM303DLHC_Read)
    LSM303DLHC_TIMEOUT_UserCallback          0x08002359   Thumb Code     4  func_utils.o(i.LSM303DLHC_TIMEOUT_UserCallback)
    LSM303DLHC_Write                         0x0800235d   Thumb Code   216  stm32f3_discovery_lsm303dlhc.o(i.LSM303DLHC_Write)
    Lamp_CatchSignal                         0x0800243d   Thumb Code    96  custom_function.o(i.Lamp_CatchSignal)
    MarqueeToggle                            0x080024a1   Thumb Code   102  custom_function.o(i.MarqueeToggle)
    MemManage_Handler                        0x08002507   Thumb Code     2  stm32f30x_it.o(i.MemManage_Handler)
    My_CompassConfig                         0x08002509   Thumb Code    98  func_utils.o(i.My_CompassConfig)
    My_CompassReadAcc                        0x0800256d   Thumb Code   304  func_utils.o(i.My_CompassReadAcc)
    My_CompassReadMag                        0x080026a1   Thumb Code   312  func_utils.o(i.My_CompassReadMag)
    My_GyroConfig                            0x080027dd   Thumb Code    68  func_utils.o(i.My_GyroConfig)
    My_GyroReadAngRate                       0x08002821   Thumb Code   234  func_utils.o(i.My_GyroReadAngRate)
    My_USBConfig                             0x0800291d   Thumb Code    32  func_utils.o(i.My_USBConfig)
    NMI_Handler                              0x08002945   Thumb Code     2  stm32f30x_it.o(i.NMI_Handler)
    NVIC_Init                                0x08002949   Thumb Code   142  stm32f30x_misc.o(i.NVIC_Init)
    NVIC_PriorityGroupConfig                 0x080029fd   Thumb Code    52  stm32f30x_misc.o(i.NVIC_PriorityGroupConfig)
    PendSV_Handler                           0x08002a59   Thumb Code     2  stm32f30x_it.o(i.PendSV_Handler)
    RCC_AHBPeriphClockCmd                    0x08002a5d   Thumb Code    56  stm32f30x_rcc.o(i.RCC_AHBPeriphClockCmd)
    RCC_APB1PeriphClockCmd                   0x08002abd   Thumb Code    56  stm32f30x_rcc.o(i.RCC_APB1PeriphClockCmd)
    RCC_APB1PeriphResetCmd                   0x08002b1d   Thumb Code    56  stm32f30x_rcc.o(i.RCC_APB1PeriphResetCmd)
    RCC_APB2PeriphClockCmd                   0x08002b7d   Thumb Code    56  stm32f30x_rcc.o(i.RCC_APB2PeriphClockCmd)
    RCC_APB2PeriphResetCmd                   0x08002bdd   Thumb Code    56  stm32f30x_rcc.o(i.RCC_APB2PeriphResetCmd)
    RCC_GetClocksFreq                        0x08002c3d   Thumb Code   574  stm32f30x_rcc.o(i.RCC_GetClocksFreq)
    RCC_USBCLKConfig                         0x08002e8d   Thumb Code    28  stm32f30x_rcc.o(i.RCC_USBCLKConfig)
    SPI_Cmd                                  0x08002ecd   Thumb Code    68  stm32f30x_spi.o(i.SPI_Cmd)
    SPI_I2S_DeInit                           0x08002f3d   Thumb Code    90  stm32f30x_spi.o(i.SPI_I2S_DeInit)
    SPI_I2S_GetFlagStatus                    0x08002fc5   Thumb Code   108  stm32f30x_spi.o(i.SPI_I2S_GetFlagStatus)
    SPI_Init                                 0x08003061   Thumb Code   428  stm32f30x_spi.o(i.SPI_Init)
    SPI_ReceiveData8                         0x08003239   Thumb Code    48  stm32f30x_spi.o(i.SPI_ReceiveData8)
    SPI_RxFIFOThresholdConfig                0x08003299   Thumb Code    68  stm32f30x_spi.o(i.SPI_RxFIFOThresholdConfig)
    SPI_SendData8                            0x08003309   Thumb Code    38  stm32f30x_spi.o(i.SPI_SendData8)
    STM_EVAL_LEDInit                         0x0800335d   Thumb Code    62  stm32f3_discovery.o(i.STM_EVAL_LEDInit)
    STM_EVAL_LEDOff                          0x080033a5   Thumb Code    16  stm32f3_discovery.o(i.STM_EVAL_LEDOff)
    STM_EVAL_LEDOn                           0x080033bd   Thumb Code    16  stm32f3_discovery.o(i.STM_EVAL_LEDOn)
    STM_EVAL_LEDToggle                       0x080033d5   Thumb Code    20  stm32f3_discovery.o(i.STM_EVAL_LEDToggle)
    STM_EVAL_PBGetState                      0x080033f1   Thumb Code    16  stm32f3_discovery.o(i.STM_EVAL_PBGetState)
    STM_EVAL_PBInit                          0x08003409   Thumb Code   144  stm32f3_discovery.o(i.STM_EVAL_PBInit)
    SVC_Handler                              0x080034a1   Thumb Code     2  stm32f30x_it.o(i.SVC_Handler)
    SYSCFG_EXTILineConfig                    0x080034a5   Thumb Code   142  stm32f30x_syscfg.o(i.SYSCFG_EXTILineConfig)
    Set_System                               0x080035f1   Thumb Code   136  hw_config.o(i.Set_System)
    Set_USBClock                             0x0800367d   Thumb Code    20  hw_config.o(i.Set_USBClock)
    SysTick_Handler                          0x08003691   Thumb Code    24  stm32f30x_it.o(i.SysTick_Handler)
    SystemInit                               0x080036b1   Thumb Code    90  system_stm32f30x.o(i.SystemInit)
    TimingDelay_Decrement                    0x08003721   Thumb Code    16  func_utils.o(i.TimingDelay_Decrement)
    USB_Interrupts_Config                    0x08003735   Thumb Code    78  hw_config.o(i.USB_Interrupts_Config)
    UsageFault_Handler                       0x08003783   Thumb Code     2  stm32f30x_it.o(i.UsageFault_Handler)
    __0sprintf                               0x08003785   Thumb Code    34  printfa.o(i.__0sprintf)
    __1sprintf                               0x08003785   Thumb Code     0  printfa.o(i.__0sprintf)
    __2sprintf                               0x08003785   Thumb Code     0  printfa.o(i.__0sprintf)
    __c89sprintf                             0x08003785   Thumb Code     0  printfa.o(i.__0sprintf)
    sprintf                                  0x08003785   Thumb Code     0  printfa.o(i.__0sprintf)
    __0vsprintf                              0x080037ad   Thumb Code    30  printfa.o(i.__0vsprintf)
    __1vsprintf                              0x080037ad   Thumb Code     0  printfa.o(i.__0vsprintf)
    __2vsprintf                              0x080037ad   Thumb Code     0  printfa.o(i.__0vsprintf)
    __c89vsprintf                            0x080037ad   Thumb Code     0  printfa.o(i.__0vsprintf)
    vsprintf                                 0x080037ad   Thumb Code     0  printfa.o(i.__0vsprintf)
    __ARM_fpclassifyf                        0x080037d1   Thumb Code    38  fpclassifyf.o(i.__ARM_fpclassifyf)
    __hardfp_acos                            0x080037f9   Thumb Code   738  acos.o(i.__hardfp_acos)
    __hardfp_atan2f                          0x08003b51   Thumb Code   502  atan2f.o(i.__hardfp_atan2f)
    __hardfp_sqrt                            0x08003da1   Thumb Code   122  sqrt.o(i.__hardfp_sqrt)
    __kernel_poly                            0x08003e1b   Thumb Code   248  poly.o(i.__kernel_poly)
    __mathlib_dbl_infnan                     0x08003f13   Thumb Code    20  dunder.o(i.__mathlib_dbl_infnan)
    __mathlib_dbl_invalid                    0x08003f29   Thumb Code    24  dunder.o(i.__mathlib_dbl_invalid)
    __mathlib_flt_infnan2                    0x08003f49   Thumb Code     6  funder.o(i.__mathlib_flt_infnan2)
    __mathlib_flt_underflow                  0x08003f51   Thumb Code    10  funder.o(i.__mathlib_flt_underflow)
    __scatterload_copy                       0x08003f61   Thumb Code    14  handlers.o(i.__scatterload_copy)
    __scatterload_null                       0x08003f6f   Thumb Code     2  handlers.o(i.__scatterload_null)
    __scatterload_zeroinit                   0x08003f71   Thumb Code    14  handlers.o(i.__scatterload_zeroinit)
    __set_errno                              0x08003f81   Thumb Code     6  errno.o(i.__set_errno)
    assert_failed                            0x08004851   Thumb Code     2  func_utils.o(i.assert_failed)
    main                                     0x08004855   Thumb Code   154  main.o(i.main)
    sqrt                                     0x08004905   Thumb Code   110  sqrt.o(i.sqrt)
    u2_printf                                0x08004975   Thumb Code    48  func_utils.o(i.u2_printf)
    BUTTON_PORT_SOURCE                       0x080049ac   Data           1  stm32f3_discovery.o(.constdata)
    BUTTON_PIN_SOURCE                        0x080049ad   Data           1  stm32f3_discovery.o(.constdata)
    BUTTON_IRQn                              0x080049ae   Data           1  stm32f3_discovery.o(.constdata)
    BUTTON_PIN                               0x080049b0   Data           2  stm32f3_discovery.o(.constdata)
    BUTTON_EXTI_LINE                         0x080049b2   Data           2  stm32f3_discovery.o(.constdata)
    BUTTON_CLK                               0x080049b4   Data           4  stm32f3_discovery.o(.constdata)
    GPIO_PIN                                 0x080049b8   Data          16  stm32f3_discovery.o(.constdata)
    GPIO_CLK                                 0x080049c8   Data          32  stm32f3_discovery.o(.constdata)
    Region$$Table$$Base                      0x08004a38   Number         0  anon$$obj.o(Region$$Table)
    Region$$Table$$Limit                     0x08004a58   Number         0  anon$$obj.o(Region$$Table)
    BUTTON_PORT                              0x20000000   Data           4  stm32f3_discovery.o(.data)
    GPIO_PORT                                0x20000004   Data          32  stm32f3_discovery.o(.data)
    L3GD20Timeout                            0x20000024   Data           4  stm32f3_discovery_l3gd20.o(.data)
    LSM303DLHC_Timeout                       0x20000028   Data           4  stm32f3_discovery_lsm303dlhc.o(.data)
    i                                        0x2000002c   Data           4  stm32f30x_it.o(.data)
    bDeviceState                             0x2000005c   Data           4  usb_pwr.o(.data)
    HSEStartUpStatus                         0x20000060   Data           1  hw_config.o(.data)
    EXTI_InitStructure                       0x20000064   Data           8  hw_config.o(.data)
    TimingDelay                              0x2000006c   Data           4  func_utils.o(.data)
    USBConnectTimeOut                        0x20000070   Data           4  func_utils.o(.data)
    Zval                                     0x2000007c   Data           1  custom_function.o(.data)
    Xval                                     0x2000007d   Data           1  custom_function.o(.data)
    Yval                                     0x2000007e   Data           1  custom_function.o(.data)
    HeadingValue                             0x20000080   Data           4  custom_function.o(.data)
    RollAng                                  0x20000084   Data           4  custom_function.o(.data)
    PitchAng                                 0x20000088   Data           4  custom_function.o(.data)
    fTiltedY                                 0x2000008c   Data           4  custom_function.o(.data)
    fNormAcc                                 0x20000090   Data           4  custom_function.o(.data)
    fSinRoll                                 0x20000094   Data           4  custom_function.o(.data)
    fSinPitch                                0x20000098   Data           4  custom_function.o(.data)
    adCosRoll                                0x2000009c   Data           4  custom_function.o(.data)
    adCosPitch                               0x200000a0   Data           4  custom_function.o(.data)
    fTiltedX                                 0x200000a4   Data           4  custom_function.o(.data)
    DataReady                                0x200000a8   Data           1  main.o(.data)
    UserButtonPressed                        0x200000ac   Data           4  main.o(.data)
    RX_STA                                   0x200000b0   Data           2  hc05_set.o(.data)
    TX_BUF                                   0x200000b8   Data         256  func_utils.o(.bss)
    MagBuffer                                0x200001b8   Data          12  custom_function.o(.bss)
    AccBuffer                                0x200001c4   Data          12  custom_function.o(.bss)
    Buffer                                   0x200001d0   Data          12  custom_function.o(.bss)
    RCC_Clocks                               0x200001dc   Data          60  custom_function.o(.bss)
    gyroVal                                  0x20000218   Data          12  main.o(.bss)
    MAIN_BUF                                 0x20000224   Data          32  main.o(.bss)
    RX_BUF                                   0x20000244   Data         256  hc05_set.o(.bss)
    __initial_sp                             0x20000748   Data           0  startup_stm32f30x.o(STACK)



==============================================================================

Memory Map of the image

  Image Entry point : 0x08000189

  Load Region LR_IROM1 (Base: 0x08000000, Size: 0x00004b10, Max: 0x00040000, ABSOLUTE)

    Execution Region ER_IROM1 (Base: 0x08000000, Size: 0x00004a58, Max: 0x00040000, ABSOLUTE)

    Base Addr    Size         Type   Attr      Idx    E Section Name        Object

    0x08000000   0x00000188   Data   RO            3    RESET               startup_stm32f30x.o
    0x08000188   0x00000000   Code   RO         5749  * .ARM.Collect$$$$00000000  mc_w.l(entry.o)
    0x08000188   0x00000004   Code   RO         6082    .ARM.Collect$$$$00000001  mc_w.l(entry2.o)
    0x0800018c   0x00000004   Code   RO         6085    .ARM.Collect$$$$00000004  mc_w.l(entry5.o)
    0x08000190   0x00000000   Code   RO         6087    .ARM.Collect$$$$00000008  mc_w.l(entry7b.o)
    0x08000190   0x00000000   Code   RO         6089    .ARM.Collect$$$$0000000A  mc_w.l(entry8b.o)
    0x08000190   0x00000008   Code   RO         6090    .ARM.Collect$$$$0000000B  mc_w.l(entry9a.o)
    0x08000198   0x00000000   Code   RO         6092    .ARM.Collect$$$$0000000D  mc_w.l(entry10a.o)
    0x08000198   0x00000000   Code   RO         6094    .ARM.Collect$$$$0000000F  mc_w.l(entry11a.o)
    0x08000198   0x00000004   Code   RO         6083    .ARM.Collect$$$$00002712  mc_w.l(entry2.o)
    0x0800019c   0x00000024   Code   RO            4    .text               startup_stm32f30x.o
    0x080001c0   0x0000000e   Code   RO         5752    .text               mc_w.l(strlen.o)
    0x080001ce   0x0000014e   Code   RO         6015    .text               mf_w.l(dadd.o)
    0x0800031c   0x000000e4   Code   RO         6017    .text               mf_w.l(dmul.o)
    0x08000400   0x000000de   Code   RO         6019    .text               mf_w.l(ddiv.o)
    0x080004de   0x00000026   Code   RO         6023    .text               mf_w.l(f2d.o)
    0x08000504   0x00000038   Code   RO         6025    .text               mf_w.l(d2f.o)
    0x0800053c   0x0000002c   Code   RO         6096    .text               mc_w.l(uidiv.o)
    0x08000568   0x00000062   Code   RO         6098    .text               mc_w.l(uldiv.o)
    0x080005ca   0x0000001e   Code   RO         6100    .text               mc_w.l(llshl.o)
    0x080005e8   0x00000024   Code   RO         6102    .text               mc_w.l(llsshr.o)
    0x0800060c   0x00000000   Code   RO         6111    .text               mc_w.l(iusefp.o)
    0x0800060c   0x0000006e   Code   RO         6112    .text               mf_w.l(fepilogue.o)
    0x0800067a   0x000000ba   Code   RO         6114    .text               mf_w.l(depilogue.o)
    0x08000734   0x000000a2   Code   RO         6116    .text               mf_w.l(dsqrt.o)
    0x080007d6   0x00000030   Code   RO         6118    .text               mf_w.l(dfixul.o)
    0x08000806   0x00000002   PAD
    0x08000808   0x00000030   Code   RO         6122    .text               mf_w.l(cdrcmple.o)
    0x08000838   0x00000024   Code   RO         6124    .text               mc_w.l(init.o)
    0x0800085c   0x00000020   Code   RO         6126    .text               mc_w.l(llushr.o)
    0x0800087c   0x00000002   Code   RO          367    i.BusFault_Handler  stm32f30x_it.o
    0x0800087e   0x00000002   PAD
    0x08000880   0x0000045c   Code   RO         5479    i.CompassToggle     custom_function.o
    0x08000cdc   0x000000b8   Code   RO         1380    i.DMA_Cmd           stm32f30x_dma.o
    0x08000d94   0x0000004c   Code   RO         5286    i.DMA_Config        func_utils.o
    0x08000de0   0x000000c8   Code   RO         1385    i.DMA_ITConfig      stm32f30x_dma.o
    0x08000ea8   0x0000016c   Code   RO         1386    i.DMA_Init          stm32f30x_dma.o
    0x08001014   0x00000002   Code   RO          368    i.DebugMon_Handler  stm32f30x_it.o
    0x08001016   0x00000002   PAD
    0x08001018   0x00000014   Code   RO         5287    i.Delay             func_utils.o
    0x0800102c   0x00000070   Code   RO          369    i.EXTI0_IRQHandler  stm32f30x_it.o
    0x0800109c   0x00000060   Code   RO         1459    i.EXTI_ClearITPendingBit  stm32f30x_exti.o
    0x080010fc   0x000000cc   Code   RO         1463    i.EXTI_GetITStatus  stm32f30x_exti.o
    0x080011c8   0x00000170   Code   RO         1464    i.EXTI_Init         stm32f30x_exti.o
    0x08001338   0x00000140   Code   RO         1708    i.GPIO_Init         stm32f30x_gpio.o
    0x08001478   0x00000110   Code   RO         1709    i.GPIO_PinAFConfig  stm32f30x_gpio.o
    0x08001588   0x000000d0   Code   RO         1712    i.GPIO_ReadInputDataBit  stm32f30x_gpio.o
    0x08001658   0x00000078   Code   RO         1715    i.GPIO_ResetBits    stm32f30x_gpio.o
    0x080016d0   0x00000078   Code   RO         1716    i.GPIO_SetBits      stm32f30x_gpio.o
    0x08001748   0x00000128   Code   RO         5481    i.GyroToggle        custom_function.o
    0x08001870   0x0000008c   Code   RO         5639    i.HC05_Set_Cmd      hc05_set.o
    0x080018fc   0x00000002   Code   RO          370    i.HardFault_Handler  stm32f30x_it.o
    0x080018fe   0x00000002   PAD
    0x08001900   0x00000060   Code   RO         1804    i.I2C_ClearFlag     stm32f30x_i2c.o
    0x08001960   0x00000068   Code   RO         1807    i.I2C_Cmd           stm32f30x_i2c.o
    0x080019c8   0x000000a8   Code   RO         1816    i.I2C_GetFlagStatus  stm32f30x_i2c.o
    0x08001a70   0x0000010c   Code   RO         1822    i.I2C_Init          stm32f30x_i2c.o
    0x08001b7c   0x00000048   Code   RO         1828    i.I2C_ReceiveData   stm32f30x_i2c.o
    0x08001bc4   0x00000048   Code   RO         1831    i.I2C_SendData      stm32f30x_i2c.o
    0x08001c0c   0x000000b0   Code   RO         1840    i.I2C_TransferHandling  stm32f30x_i2c.o
    0x08001cbc   0x00000078   Code   RO         5482    i.Init_User_Config  custom_function.o
    0x08001d34   0x00000028   Code   RO          162    i.L3GD20_FilterCmd  stm32f3_discovery_l3gd20.o
    0x08001d5c   0x00000032   Code   RO          163    i.L3GD20_FilterConfig  stm32f3_discovery_l3gd20.o
    0x08001d8e   0x00000054   Code   RO          168    i.L3GD20_Init       stm32f3_discovery_l3gd20.o
    0x08001de2   0x00000002   PAD
    0x08001de4   0x0000013c   Code   RO          169    i.L3GD20_LowLevel_Init  stm32f3_discovery_l3gd20.o
    0x08001f20   0x0000004c   Code   RO          170    i.L3GD20_Read       stm32f3_discovery_l3gd20.o
    0x08001f6c   0x00000064   Code   RO          172    i.L3GD20_SendByte   stm32f3_discovery_l3gd20.o
    0x08001fd0   0x00000004   Code   RO         5288    i.L3GD20_TIMEOUT_UserCallback  func_utils.o
    0x08001fd4   0x00000044   Code   RO          173    i.L3GD20_Write      stm32f3_discovery_l3gd20.o
    0x08002018   0x00000012   Code   RO         5483    i.LEDs_Blink        custom_function.o
    0x0800202a   0x00000036   Code   RO         5484    i.LEDs_Off          custom_function.o
    0x08002060   0x0000003c   Code   RO          255    i.LSM303DLHC_AccFilterConfig  stm32f3_discovery_lsm303dlhc.o
    0x0800209c   0x00000054   Code   RO          261    i.LSM303DLHC_AccInit  stm32f3_discovery_lsm303dlhc.o
    0x080020f0   0x00000110   Code   RO          263    i.LSM303DLHC_LowLevel_Init  stm32f3_discovery_lsm303dlhc.o
    0x08002200   0x0000005e   Code   RO          265    i.LSM303DLHC_MagInit  stm32f3_discovery_lsm303dlhc.o
    0x0800225e   0x00000002   PAD
    0x08002260   0x000000f8   Code   RO          266    i.LSM303DLHC_Read   stm32f3_discovery_lsm303dlhc.o
    0x08002358   0x00000004   Code   RO         5289    i.LSM303DLHC_TIMEOUT_UserCallback  func_utils.o
    0x0800235c   0x000000e0   Code   RO          267    i.LSM303DLHC_Write  stm32f3_discovery_lsm303dlhc.o
    0x0800243c   0x00000064   Code   RO         5486    i.Lamp_CatchSignal  custom_function.o
    0x080024a0   0x00000066   Code   RO         5487    i.MarqueeToggle     custom_function.o
    0x08002506   0x00000002   Code   RO          371    i.MemManage_Handler  stm32f30x_it.o
    0x08002508   0x00000062   Code   RO         5290    i.My_CompassConfig  func_utils.o
    0x0800256a   0x00000002   PAD
    0x0800256c   0x00000134   Code   RO         5291    i.My_CompassReadAcc  func_utils.o
    0x080026a0   0x0000013c   Code   RO         5292    i.My_CompassReadMag  func_utils.o
    0x080027dc   0x00000044   Code   RO         5293    i.My_GyroConfig     func_utils.o
    0x08002820   0x000000fc   Code   RO         5294    i.My_GyroReadAngRate  func_utils.o
    0x0800291c   0x00000028   Code   RO         5295    i.My_USBConfig      func_utils.o
    0x08002944   0x00000002   Code   RO          372    i.NMI_Handler       stm32f30x_it.o
    0x08002946   0x00000002   PAD
    0x08002948   0x000000b4   Code   RO         2121    i.NVIC_Init         stm32f30x_misc.o
    0x080029fc   0x0000005c   Code   RO         2122    i.NVIC_PriorityGroupConfig  stm32f30x_misc.o
    0x08002a58   0x00000002   Code   RO          373    i.PendSV_Handler    stm32f30x_it.o
    0x08002a5a   0x00000002   PAD
    0x08002a5c   0x00000060   Code   RO         2344    i.RCC_AHBPeriphClockCmd  stm32f30x_rcc.o
    0x08002abc   0x00000060   Code   RO         2346    i.RCC_APB1PeriphClockCmd  stm32f30x_rcc.o
    0x08002b1c   0x00000060   Code   RO         2347    i.RCC_APB1PeriphResetCmd  stm32f30x_rcc.o
    0x08002b7c   0x00000060   Code   RO         2348    i.RCC_APB2PeriphClockCmd  stm32f30x_rcc.o
    0x08002bdc   0x00000060   Code   RO         2349    i.RCC_APB2PeriphResetCmd  stm32f30x_rcc.o
    0x08002c3c   0x00000250   Code   RO         2356    i.RCC_GetClocksFreq  stm32f30x_rcc.o
    0x08002e8c   0x00000040   Code   RO         2380    i.RCC_USBCLKConfig  stm32f30x_rcc.o
    0x08002ecc   0x00000070   Code   RO         2930    i.SPI_Cmd           stm32f30x_spi.o
    0x08002f3c   0x00000088   Code   RO         2938    i.SPI_I2S_DeInit    stm32f30x_spi.o
    0x08002fc4   0x0000009c   Code   RO         2939    i.SPI_I2S_GetFlagStatus  stm32f30x_spi.o
    0x08003060   0x000001d8   Code   RO         2944    i.SPI_Init          stm32f30x_spi.o
    0x08003238   0x00000060   Code   RO         2948    i.SPI_ReceiveData8  stm32f30x_spi.o
    0x08003298   0x00000070   Code   RO         2949    i.SPI_RxFIFOThresholdConfig  stm32f30x_spi.o
    0x08003308   0x00000054   Code   RO         2951    i.SPI_SendData8     stm32f30x_spi.o
    0x0800335c   0x00000048   Code   RO           12    i.STM_EVAL_LEDInit  stm32f3_discovery.o
    0x080033a4   0x00000018   Code   RO           13    i.STM_EVAL_LEDOff   stm32f3_discovery.o
    0x080033bc   0x00000018   Code   RO           14    i.STM_EVAL_LEDOn    stm32f3_discovery.o
    0x080033d4   0x0000001c   Code   RO           15    i.STM_EVAL_LEDToggle  stm32f3_discovery.o
    0x080033f0   0x00000018   Code   RO           16    i.STM_EVAL_PBGetState  stm32f3_discovery.o
    0x08003408   0x00000098   Code   RO           17    i.STM_EVAL_PBInit   stm32f3_discovery.o
    0x080034a0   0x00000002   Code   RO          374    i.SVC_Handler       stm32f30x_it.o
    0x080034a2   0x00000002   PAD
    0x080034a4   0x000000b8   Code   RO         3134    i.SYSCFG_EXTILineConfig  stm32f30x_syscfg.o
    0x0800355c   0x00000094   Code   RO          454    i.SetSysClock       system_stm32f30x.o
    0x080035f0   0x0000008c   Code   RO         5207    i.Set_System        hw_config.o
    0x0800367c   0x00000014   Code   RO         5208    i.Set_USBClock      hw_config.o
    0x08003690   0x00000020   Code   RO          375    i.SysTick_Handler   stm32f30x_it.o
    0x080036b0   0x00000070   Code   RO          456    i.SystemInit        system_stm32f30x.o
    0x08003720   0x00000014   Code   RO         5296    i.TimingDelay_Decrement  func_utils.o
    0x08003734   0x0000004e   Code   RO         5210    i.USB_Interrupts_Config  hw_config.o
    0x08003782   0x00000002   Code   RO          376    i.UsageFault_Handler  stm32f30x_it.o
    0x08003784   0x00000028   Code   RO         5989    i.__0sprintf        mc_w.l(printfa.o)
    0x080037ac   0x00000024   Code   RO         5993    i.__0vsprintf       mc_w.l(printfa.o)
    0x080037d0   0x00000026   Code   RO         6063    i.__ARM_fpclassifyf  m_wm.l(fpclassifyf.o)
    0x080037f6   0x00000002   PAD
    0x080037f8   0x00000358   Code   RO         5685    i.__hardfp_acos     m_wm.l(acos.o)
    0x08003b50   0x00000250   Code   RO         5725    i.__hardfp_atan2f   m_wm.l(atan2f.o)
    0x08003da0   0x0000007a   Code   RO         5737    i.__hardfp_sqrt     m_wm.l(sqrt.o)
    0x08003e1a   0x000000f8   Code   RO         6079    i.__kernel_poly     m_wm.l(poly.o)
    0x08003f12   0x00000014   Code   RO         6042    i.__mathlib_dbl_infnan  m_wm.l(dunder.o)
    0x08003f26   0x00000002   PAD
    0x08003f28   0x00000020   Code   RO         6044    i.__mathlib_dbl_invalid  m_wm.l(dunder.o)
    0x08003f48   0x00000006   Code   RO         6067    i.__mathlib_flt_infnan2  m_wm.l(funder.o)
    0x08003f4e   0x00000002   PAD
    0x08003f50   0x00000010   Code   RO         6071    i.__mathlib_flt_underflow  m_wm.l(funder.o)
    0x08003f60   0x0000000e   Code   RO         6130    i.__scatterload_copy  mc_w.l(handlers.o)
    0x08003f6e   0x00000002   Code   RO         6131    i.__scatterload_null  mc_w.l(handlers.o)
    0x08003f70   0x0000000e   Code   RO         6132    i.__scatterload_zeroinit  mc_w.l(handlers.o)
    0x08003f7e   0x00000002   PAD
    0x08003f80   0x0000000c   Code   RO         6106    i.__set_errno       mc_w.l(errno.o)
    0x08003f8c   0x00000164   Code   RO         5994    i._fp_digits        mc_w.l(printfa.o)
    0x080040f0   0x000006dc   Code   RO         5995    i._printf_core      mc_w.l(printfa.o)
    0x080047cc   0x00000024   Code   RO         5996    i._printf_post_padding  mc_w.l(printfa.o)
    0x080047f0   0x0000002e   Code   RO         5997    i._printf_pre_padding  mc_w.l(printfa.o)
    0x0800481e   0x0000000a   Code   RO         5999    i._sputc            mc_w.l(printfa.o)
    0x08004828   0x00000028   Code   RO         5488    i.arm_sqrt_f32      custom_function.o
    0x08004850   0x00000002   Code   RO         5298    i.assert_failed     func_utils.o
    0x08004852   0x00000002   PAD
    0x08004854   0x000000b0   Code   RO         5574    i.main              main.o
    0x08004904   0x0000006e   Code   RO         5739    i.sqrt              m_wm.l(sqrt.o)
    0x08004972   0x00000002   PAD
    0x08004974   0x00000038   Code   RO         5300    i.u2_printf         func_utils.o
    0x080049ac   0x0000003c   Data   RO           18    .constdata          stm32f3_discovery.o
    0x080049e8   0x00000050   Data   RO         5688    .constdata          m_wm.l(acos.o)
    0x08004a38   0x00000020   Data   RO         6128    Region$$Table       anon$$obj.o


    Execution Region RW_IRAM1 (Base: 0x20000000, Size: 0x00000748, Max: 0x0000c000, ABSOLUTE)

    Base Addr    Size         Type   Attr      Idx    E Section Name        Object

    0x20000000   0x00000024   Data   RW           19    .data               stm32f3_discovery.o
    0x20000024   0x00000004   Data   RW          174    .data               stm32f3_discovery_l3gd20.o
    0x20000028   0x00000004   Data   RW          268    .data               stm32f3_discovery_lsm303dlhc.o
    0x2000002c   0x00000004   Data   RW          377    .data               stm32f30x_it.o
    0x20000030   0x0000002a   Data   RW         2382    .data               stm32f30x_rcc.o
    0x2000005a   0x00000002   PAD
    0x2000005c   0x00000004   Data   RW         4753    .data               usb_pwr.o
    0x20000060   0x0000000c   Data   RW         5211    .data               hw_config.o
    0x2000006c   0x0000000e   Data   RW         5302    .data               func_utils.o
    0x2000007a   0x00000002   PAD
    0x2000007c   0x0000002c   Data   RW         5491    .data               custom_function.o
    0x200000a8   0x00000008   Data   RW         5576    .data               main.o
    0x200000b0   0x00000002   Data   RW         5642    .data               hc05_set.o
    0x200000b2   0x00000002   PAD
    0x200000b4   0x00000004   Data   RW         6107    .data               mc_w.l(errno.o)
    0x200000b8   0x00000100   Zero   RW         5301    .bss                func_utils.o
    0x200001b8   0x00000060   Zero   RW         5489    .bss                custom_function.o
    0x20000218   0x0000002c   Zero   RW         5575    .bss                main.o
    0x20000244   0x00000100   Zero   RW         5641    .bss                hc05_set.o
    0x20000344   0x00000004   PAD
    0x20000348   0x00000400   Zero   RW            1    STACK               startup_stm32f30x.o


==============================================================================

Image component sizes


      Code (inc. data)   RO Data    RW Data    ZI Data      Debug   Object Name

      1846        114          0         44         96      45565   custom_function.o
      1264         56          0         14        256      10628   func_utils.o
       140         22          0          2        256       1435   hc05_set.o
       238          4          0         12          0       1906   hw_config.o
       176         22          0          8         44       1182   main.o
        36          8        392          0       1024        844   startup_stm32f30x.o
       748        124          0          0          0       3496   stm32f30x_dma.o
       668        116          0          0          0       2272   stm32f30x_exti.o
      1040        262          0          0          0       3647   stm32f30x_gpio.o
       956        298          0          0          0       4765   stm32f30x_i2c.o
       160         22          0          4          0       5369   stm32f30x_it.o
       272         78          0          0          0       1559   stm32f30x_misc.o
      1136        254          0         42          0       6467   stm32f30x_rcc.o
      1168        320          0          0          0       4773   stm32f30x_spi.o
       184         42          0          0          0        688   stm32f30x_syscfg.o
       324         50         60         36          0     250237   stm32f3_discovery.o
       734         30          0          4          0       9960   stm32f3_discovery_l3gd20.o
       982         34          0          4          0      13581   stm32f3_discovery_lsm303dlhc.o
       260         30          0          0          0       1517   system_stm32f30x.o
         0          0          0          0          0        300   usb_core.o
         0          0          0          4          0       1273   usb_pwr.o

    ----------------------------------------------------------------------
     12352       1886        484        180       1680     371464   Object Totals
         0          0         32          0          0          0   (incl. Generated)
        20          0          0          6          4          0   (incl. Padding)

    ----------------------------------------------------------------------

      Code (inc. data)   RO Data    RW Data    ZI Data      Debug   Library Member Name

       856        118         80          0          0        288   acos.o
       592         90          0          0          0        184   atan2f.o
        52          8          0          0          0        248   dunder.o
        38          0          0          0          0        116   fpclassifyf.o
        22          6          0          0          0        232   funder.o
       248          0          0          0          0        152   poly.o
       232          0          0          0          0        296   sqrt.o
         0          0          0          0          0          0   entry.o
         0          0          0          0          0          0   entry10a.o
         0          0          0          0          0          0   entry11a.o
         8          4          0          0          0          0   entry2.o
         4          0          0          0          0          0   entry5.o
         0          0          0          0          0          0   entry7b.o
         0          0          0          0          0          0   entry8b.o
         8          4          0          0          0          0   entry9a.o
        12          6          0          4          0         68   errno.o
        30          0          0          0          0          0   handlers.o
        36          8          0          0          0         68   init.o
         0          0          0          0          0          0   iusefp.o
        30          0          0          0          0         68   llshl.o
        36          0          0          0          0         68   llsshr.o
        32          0          0          0          0         68   llushr.o
      2280         92          0          0          0        592   printfa.o
        14          0          0          0          0         68   strlen.o
        44          0          0          0          0         80   uidiv.o
        98          0          0          0          0         92   uldiv.o
        48          0          0          0          0         68   cdrcmple.o
        56          0          0          0          0         88   d2f.o
       334          0          0          0          0        148   dadd.o
       222          0          0          0          0        100   ddiv.o
       186          0          0          0          0        176   depilogue.o
        48          0          0          0          0         68   dfixul.o
       228          0          0          0          0         96   dmul.o
       162          0          0          0          0        100   dsqrt.o
        38          0          0          0          0         68   f2d.o
       110          0          0          0          0        168   fepilogue.o

    ----------------------------------------------------------------------
      6116        336         80          4          0       3768   Library Totals
        12          0          0          0          0          0   (incl. Padding)

    ----------------------------------------------------------------------

      Code (inc. data)   RO Data    RW Data    ZI Data      Debug   Library Name

      2040        222         80          0          0       1516   m_wm.l
      2632        114          0          4          0       1172   mc_w.l
      1432          0          0          0          0       1080   mf_w.l

    ----------------------------------------------------------------------
      6116        336         80          4          0       3768   Library Totals

    ----------------------------------------------------------------------

==============================================================================


      Code (inc. data)   RO Data    RW Data    ZI Data      Debug   

     18468       2222        564        184       1680     364892   Grand Totals
     18468       2222        564        184       1680     364892   ELF Image Totals
     18468       2222        564        184          0          0   ROM Totals

==============================================================================

    Total RO  Size (Code + RO Data)                19032 (  18.59kB)
    Total RW  Size (RW Data + ZI Data)              1864 (   1.82kB)
    Total ROM Size (Code + RO Data + RW Data)      19216 (  18.77kB)

==============================================================================

